Archive member included to satisfy reference by file (symbol)

NuttX/nuttx/arch/arm/src/libarch.a(stm32_start.o)
                              (__start)
NuttX/nuttx/arch/arm/src/libarch.a(stm32_rcc.o)
                              NuttX/nuttx/arch/arm/src/libarch.a(stm32_start.o) (stm32_clockconfig)
NuttX/nuttx/arch/arm/src/libarch.a(stm32_gpio.o)
                              NuttX/nuttx/arch/arm/src/libarch.a(stm32_start.o) (stm32_gpioinit)
NuttX/nuttx/arch/arm/src/libarch.a(stm32_lowputc.o)
                              NuttX/nuttx/arch/arm/src/libarch.a(stm32_start.o) (stm32_lowsetup)
NuttX/nuttx/arch/arm/src/libarch.a(stm32_serial.o)
                              NuttX/nuttx/arch/arm/src/libarch.a(stm32_start.o) (up_earlyserialinit)
NuttX/nuttx/arch/arm/src/libarch.a(up_modifyreg32.o)
                              NuttX/nuttx/arch/arm/src/libarch.a(stm32_serial.o) (modifyreg32)
NuttX/nuttx/arch/arm/src/libarch.a(up_vectors.o)
                              (_vectors)
NuttX/nuttx/arch/arm/src/libarch.a(up_exception.o)
                              NuttX/nuttx/arch/arm/src/libarch.a(up_vectors.o) (exception_common)
NuttX/nuttx/arch/arm/src/libarch.a(stm32_irq.o)
                              NuttX/nuttx/arch/arm/src/libarch.a(stm32_serial.o) (up_disable_irq)
NuttX/nuttx/arch/arm/src/libarch.a(stm32_dma.o)
                              NuttX/nuttx/arch/arm/src/libarch.a(stm32_serial.o) (stm32_dmachannel)
NuttX/nuttx/arch/arm/src/libarch.a(up_assert.o)
                              NuttX/nuttx/arch/arm/src/libarch.a(stm32_dma.o) (up_assert)
NuttX/nuttx/arch/arm/src/libarch.a(up_doirq.o)
                              NuttX/nuttx/arch/arm/src/libarch.a(up_exception.o) (up_doirq)
NuttX/nuttx/arch/arm/src/libarch.a(up_hardfault.o)
                              NuttX/nuttx/arch/arm/src/libarch.a(stm32_irq.o) (up_hardfault)
NuttX/nuttx/arch/arm/src/libarch.a(up_svcall.o)
                              NuttX/nuttx/arch/arm/src/libarch.a(stm32_irq.o) (up_svcall)
NuttX/nuttx/arch/arm/src/libarch.a(up_checkstack.o)
                              NuttX/nuttx/arch/arm/src/libarch.a(up_assert.o) (up_check_tcbstack)
NuttX/nuttx/arch/arm/src/libarch.a(stm32_vectors.o)
                              NuttX/nuttx/arch/arm/src/libarch.a(up_assert.o) (g_idle_topstack)
NuttX/nuttx/libc/libc.a(arch_memcpy.o)
                              NuttX/nuttx/arch/arm/src/libarch.a(up_svcall.o) (memcpy)
NuttX/nuttx/libc/libc.a(sem_init.o)
                              NuttX/nuttx/arch/arm/src/libarch.a(stm32_dma.o) (sem_init)
NuttX/nuttx/libc/libc.a(lib_abort.o)
                              (abort)
NuttX/nuttx/libc/libc.a(lib_strcpy.o)
                              NuttX/nuttx/arch/arm/src/libarch.a(stm32_serial.o) (strcpy)
NuttX/nuttx/libc/libc.a(lib_syslog.o)
                              NuttX/nuttx/arch/arm/src/libarch.a(up_assert.o) (syslog)
NuttX/nuttx/libc/libc.a(lib_setlogmask.o)
                              NuttX/nuttx/libc/libc.a(lib_syslog.o) (g_syslog_mask)
NuttX/nuttx/libc/libc.a(lib_cfgetspeed.o)
                              NuttX/nuttx/arch/arm/src/libarch.a(stm32_serial.o) (cfgetspeed)
NuttX/nuttx/libc/libc.a(lib_cfsetspeed.o)
                              NuttX/nuttx/arch/arm/src/libarch.a(stm32_serial.o) (cfsetspeed)
NuttX/nuttx/drivers/libdrivers.a(serial.o)
                              NuttX/nuttx/arch/arm/src/libarch.a(stm32_serial.o) (uart_register)
NuttX/nuttx/drivers/libdrivers.a(serial_io.o)
                              NuttX/nuttx/arch/arm/src/libarch.a(stm32_serial.o) (uart_xmitchars)
NuttX/nuttx/drivers/libdrivers.a(vsyslog.o)
                              NuttX/nuttx/libc/libc.a(lib_syslog.o) (_vsyslog)
NuttX/nuttx/drivers/libdrivers.a(syslog_stream.o)
                              NuttX/nuttx/drivers/libdrivers.a(vsyslog.o) (syslogstream_create)
NuttX/nuttx/drivers/libdrivers.a(syslog_emergstream.o)
                              NuttX/nuttx/drivers/libdrivers.a(vsyslog.o) (emergstream)
NuttX/nuttx/drivers/libdrivers.a(syslog_putc.o)
                              NuttX/nuttx/drivers/libdrivers.a(syslog_stream.o) (syslog_putc)
NuttX/nuttx/drivers/libdrivers.a(syslog_force.o)
                              NuttX/nuttx/drivers/libdrivers.a(syslog_emergstream.o) (syslog_force)
NuttX/nuttx/drivers/libdrivers.a(syslog_channel.o)
                              NuttX/nuttx/drivers/libdrivers.a(syslog_putc.o) (g_syslog_channel)
NuttX/nuttx/fs/libfs.a(fs_registerdriver.o)
                              NuttX/nuttx/drivers/libdrivers.a(serial.o) (register_driver)
NuttX/nuttx/fs/libfs.a(fs_inode.o)
                              NuttX/nuttx/fs/libfs.a(fs_registerdriver.o) (inode_semtake)
NuttX/nuttx/fs/libfs.a(fs_inodereserve.o)
                              NuttX/nuttx/fs/libfs.a(fs_registerdriver.o) (inode_reserve)
NuttX/nuttx/fs/libfs.a(fs_inodesearch.o)
                              NuttX/nuttx/fs/libfs.a(fs_inodereserve.o) (inode_nextname)
NuttX/nuttx/mm/libmm.a(umm_zalloc.o)
[...]
Memory Configuration

Name             Origin             Length             Attributes
flash            0x0000000008001000 0x000000000000f000 xr
sram             0x0000000020000000 0x0000000000002000 xrw
*default*        0x0000000000000000 0xffffffffffffffff

Linker script and memory map

LOAD platforms/nuttx/CMakeFiles/nuttx_px4io-v2_default.elf.dir/__/__/src/platforms/empty.c.obj

.text           0x0000000008001000     0xd9ec
                0x0000000008001000                _stext = ABSOLUTE (.)
 *(.vectors)
 .vectors       0x0000000008001000      0x134 NuttX/nuttx/arch/arm/src/libarch.a(up_vectors.o)
                0x0000000008001000                _vectors
 *(.text .text.*)
 .text.go_os_start
                0x0000000008001134       0x24 NuttX/nuttx/arch/arm/src/libarch.a(stm32_start.o)
 .text.__start  0x0000000008001158       0x58 NuttX/nuttx/arch/arm/src/libarch.a(stm32_start.o)
                0x0000000008001158                __start
 .text.stm32_clockconfig
                0x00000000080011b0       0xe4 NuttX/nuttx/arch/arm/src/libarch.a(stm32_rcc.o)
                0x00000000080011b0                stm32_clockconfig
 .text.stm32_gpioinit
                0x0000000008001294       0x10 NuttX/nuttx/arch/arm/src/libarch.a(stm32_gpio.o)
                0x0000000008001294                stm32_gpioinit
 .text.stm32_configgpio
                0x00000000080012a4       0xcc NuttX/nuttx/arch/arm/src/libarch.a(stm32_gpio.o)
                0x00000000080012a4                stm32_configgpio
 .text.stm32_unconfiggpio
                0x0000000008001370        0xc NuttX/nuttx/arch/arm/src/libarch.a(stm32_gpio.o)
                0x0000000008001370                stm32_unconfiggpio
 .text.stm32_gpiowrite
                0x000000000800137c       0x2c NuttX/nuttx/arch/arm/src/libarch.a(stm32_gpio.o)
                0x000000000800137c                stm32_gpiowrite
 .text.stm32_gpioread
                0x00000000080013a8       0x2c NuttX/nuttx/arch/arm/src/libarch.a(stm32_gpio.o)
                0x00000000080013a8                stm32_gpioread
 .text.up_lowputc
                0x00000000080013d4       0x18 NuttX/nuttx/arch/arm/src/libarch.a(stm32_lowputc.o)
                0x00000000080013d4                up_lowputc
 .text.stm32_lowsetup
                0x00000000080013ec       0x6c NuttX/nuttx/arch/arm/src/libarch.a(stm32_lowputc.o)
                0x00000000080013ec                stm32_lowsetup
 .text.up_setusartint
                0x0000000008001458       0x26 NuttX/nuttx/arch/arm/src/libarch.a(stm32_serial.o)
 .text.up_restoreusartint
                0x000000000800147e       0x18 NuttX/nuttx/arch/arm/src/libarch.a(stm32_serial.o)
 .text.up_disableusartint
                0x0000000008001496       0x2e NuttX/nuttx/arch/arm/src/libarch.a(stm32_serial.o)
 .text.up_set_format
                0x00000000080014c4       0x76 NuttX/nuttx/arch/arm/src/libarch.a(stm32_serial.o)
 .text.up_receive
                0x000000000800153a       0x16 NuttX/nuttx/arch/arm/src/libarch.a(stm32_serial.o)
 .text.up_rxint
                0x0000000008001550       0x2c NuttX/nuttx/arch/arm/src/libarch.a(stm32_serial.o)
 .text.up_rxavailable
                0x000000000800157c        0xc NuttX/nuttx/arch/arm/src/libarch.a(stm32_serial.o)
 .text.up_dma_rxint
                0x0000000008001588        0x8 NuttX/nuttx/arch/arm/src/libarch.a(stm32_serial.o)
 .text.up_send  0x0000000008001590        0x8 NuttX/nuttx/arch/arm/src/libarch.a(stm32_serial.o)
 .text.up_txready
                0x0000000008001598        0xc NuttX/nuttx/arch/arm/src/libarch.a(stm32_serial.o)
 .text.up_txint
                0x00000000080015a4       0x34 NuttX/nuttx/arch/arm/src/libarch.a(stm32_serial.o)
 .text.up_dma_receive
                0x00000000080015d8       0x28 NuttX/nuttx/arch/arm/src/libarch.a(stm32_serial.o)
 .text.up_ioctl
                0x0000000008001600       0xd4 NuttX/nuttx/arch/arm/src/libarch.a(stm32_serial.o)
 .text.up_detach
                0x00000000080016d4       0x1c NuttX/nuttx/arch/arm/src/libarch.a(stm32_serial.o)
 .text.up_attach
                0x00000000080016f0       0x20 NuttX/nuttx/arch/arm/src/libarch.a(stm32_serial.o)
 .text.up_interrupt.isra.0
                0x0000000008001710       0x4e NuttX/nuttx/arch/arm/src/libarch.a(stm32_serial.o)
 *fill*         0x000000000800175e        0x2 
 .text.up_interrupt_usart1
                0x0000000008001760        0xc NuttX/nuttx/arch/arm/src/libarch.a(stm32_serial.o)
 .text.up_interrupt_usart3
                0x000000000800176c        0xc NuttX/nuttx/arch/arm/src/libarch.a(stm32_serial.o)
 .text.up_interrupt_usart2
                0x0000000008001778        0xc NuttX/nuttx/arch/arm/src/libarch.a(stm32_serial.o)
 .text.up_dma_rxavailable
                0x0000000008001784       0x18 NuttX/nuttx/arch/arm/src/libarch.a(stm32_serial.o)
 .text.up_dma_rxcallback
                0x000000000800179c       0x1e NuttX/nuttx/arch/arm/src/libarch.a(stm32_serial.o)
 *fill*         0x00000000080017ba        0x2 
 .text.up_shutdown
                0x00000000080017bc       0x70 NuttX/nuttx/arch/arm/src/libarch.a(stm32_serial.o)
 .text.up_dma_shutdown
                0x000000000800182c       0x1a NuttX/nuttx/arch/arm/src/libarch.a(stm32_serial.o)
 *fill*         0x0000000008001846        0x2 
 .text.up_setup
                0x0000000008001848       0x98 NuttX/nuttx/arch/arm/src/libarch.a(stm32_serial.o)
 .text.up_dma_setup
                0x00000000080018e0       0x50 NuttX/nuttx/arch/arm/src/libarch.a(stm32_serial.o)
 .text.up_earlyserialinit
                0x0000000008001930       0x34 NuttX/nuttx/arch/arm/src/libarch.a(stm32_serial.o)
                0x0000000008001930                up_earlyserialinit
 .text.up_serialinit
                0x0000000008001964       0x60 NuttX/nuttx/arch/arm/src/libarch.a(stm32_serial.o)
                0x0000000008001964                up_serialinit
 .text.stm32_serial_dma_poll
                0x00000000080019c4       0x34 NuttX/nuttx/arch/arm/src/libarch.a(stm32_serial.o)
                0x00000000080019c4                stm32_serial_dma_poll
 .text.up_putc  0x00000000080019f8       0x34 NuttX/nuttx/arch/arm/src/libarch.a(stm32_serial.o)
                0x00000000080019f8                up_putc
 .text.modifyreg32
                0x0000000008001a2c       0x1e NuttX/nuttx/arch/arm/src/libarch.a(up_modifyreg32.o)
                0x0000000008001a2c                modifyreg32
 .text          0x0000000008001a4a       0x62 NuttX/nuttx/arch/arm/src/libarch.a(up_exception.o)
                0x0000000008001a4a                exception_common
 .text.stm32_irqinfo
                0x0000000008001aac       0x68 NuttX/nuttx/arch/arm/src/libarch.a(stm32_irq.o)
 .text.up_irqinitialize
                0x0000000008001b14       0x8c NuttX/nuttx/arch/arm/src/libarch.a(stm32_irq.o)
                0x0000000008001b14                up_irqinitialize
 .text.up_disable_irq
                0x0000000008001ba0       0x24 NuttX/nuttx/arch/arm/src/libarch.a(stm32_irq.o)
                0x0000000008001ba0                up_disable_irq
 .text.up_enable_irq
                0x0000000008001bc4       0x24 NuttX/nuttx/arch/arm/src/libarch.a(stm32_irq.o)
                0x0000000008001bc4                up_enable_irq
 .text.up_ack_irq
                0x0000000008001be8        0x2 NuttX/nuttx/arch/arm/src/libarch.a(stm32_irq.o)
                0x0000000008001be8                up_ack_irq
 .text.stm32_dmachandisable
                0x0000000008001bea       0x20 NuttX/nuttx/arch/arm/src/libarch.a(stm32_dma.o)
 *fill*         0x0000000008001c0a        0x2 
 .text.stm32_dmainterrupt
                0x0000000008001c0c       0x50 NuttX/nuttx/arch/arm/src/libarch.a(stm32_dma.o)
 .text.up_dmainitialize
                0x0000000008001c5c       0x40 NuttX/nuttx/arch/arm/src/libarch.a(stm32_dma.o)
                0x0000000008001c5c                up_dmainitialize
 .text.stm32_dmachannel
                0x0000000008001c9c       0x34 NuttX/nuttx/arch/arm/src/libarch.a(stm32_dma.o)
                0x0000000008001c9c                stm32_dmachannel
 .text.stm32_dmafree
                0x0000000008001cd0        0x6 NuttX/nuttx/arch/arm/src/libarch.a(stm32_dma.o)
                0x0000000008001cd0                stm32_dmafree
 .text.stm32_dmasetup
                0x0000000008001cd6       0x34 NuttX/nuttx/arch/arm/src/libarch.a(stm32_dma.o)
                0x0000000008001cd6                stm32_dmasetup
 .text.stm32_dmastart
                0x0000000008001d0a       0x28 NuttX/nuttx/arch/arm/src/libarch.a(stm32_dma.o)
                0x0000000008001d0a                stm32_dmastart
 .text.stm32_dmastop
                0x0000000008001d32        0x4 NuttX/nuttx/arch/arm/src/libarch.a(stm32_dma.o)
                0x0000000008001d32                stm32_dmastop
 .text.stm32_dmaresidual
                0x0000000008001d36        0x6 NuttX/nuttx/arch/arm/src/libarch.a(stm32_dma.o)
                0x0000000008001d36                stm32_dmaresidual
 .text.up_taskdump
                0x0000000008001d3c       0x30 NuttX/nuttx/arch/arm/src/libarch.a(up_assert.o)
 .text.up_assert
                0x0000000008001d6c      0x1c0 NuttX/nuttx/arch/arm/src/libarch.a(up_assert.o)
                0x0000000008001d6c                up_assert
 .text.up_doirq
                0x0000000008001f2c       0x24 NuttX/nuttx/arch/arm/src/libarch.a(up_doirq.o)
                0x0000000008001f2c                up_doirq
 .text.up_hardfault
                0x0000000008001f50       0x34 NuttX/nuttx/arch/arm/src/libarch.a(up_hardfault.o)
                0x0000000008001f50                up_hardfault
 .text.up_svcall
                0x0000000008001f84       0x38 NuttX/nuttx/arch/arm/src/libarch.a(up_svcall.o)
                0x0000000008001f84                up_svcall
 .text.up_check_tcbstack
                0x0000000008001fbc       0x30 NuttX/nuttx/arch/arm/src/libarch.a(up_checkstack.o)
                0x0000000008001fbc                up_check_tcbstack
 *fill*         0x0000000008001fec        0x4 
 .text          0x0000000008001ff0      0x230 NuttX/nuttx/libc/libc.a(arch_memcpy.o)
                0x0000000008002010                memcpy
 .text.sem_init
                0x0000000008002220       0x20 NuttX/nuttx/libc/libc.a(sem_init.o)
                0x0000000008002220                sem_init
 .text.abort    0x0000000008002240        0x8 NuttX/nuttx/libc/libc.a(lib_abort.o)
                0x0000000008002240                abort
 .text.strcpy   0x0000000008002248       0x10 NuttX/nuttx/libc/libc.a(lib_strcpy.o)
                0x0000000008002248                strcpy
 .text.vsyslog  0x0000000008002258       0x24 NuttX/nuttx/libc/libc.a(lib_syslog.o)
                0x0000000008002258                vsyslog
 .text.syslog   0x000000000800227c       0x1a NuttX/nuttx/libc/libc.a(lib_syslog.o)
                0x000000000800227c                syslog
 .text.cfgetspeed
                0x0000000008002296        0x4 NuttX/nuttx/libc/libc.a(lib_cfgetspeed.o)
                0x0000000008002296                cfgetspeed
 .text.cfsetspeed
                0x000000000800229a        0x6 NuttX/nuttx/libc/libc.a(lib_cfsetspeed.o)
                0x000000000800229a                cfsetspeed
 .text.uart_takesem
                0x00000000080022a0       0x30 NuttX/nuttx/drivers/libdrivers.a(serial.o)
 .text.uart_tcdrain
                0x00000000080022d0       0x88 NuttX/nuttx/drivers/libdrivers.a(serial.o)
 .text.uart_ioctl
                0x0000000008002358      0x14c NuttX/nuttx/drivers/libdrivers.a(serial.o)
 .text.uart_putxmitchar
                0x00000000080024a4       0x94 NuttX/nuttx/drivers/libdrivers.a(serial.o)
 .text.uart_read
                0x0000000008002538       0xee NuttX/nuttx/drivers/libdrivers.a(serial.o)
 .text.uart_open
                0x0000000008002626       0x92 NuttX/nuttx/drivers/libdrivers.a(serial.o)
 .text.uart_close
                0x00000000080026b8       0x8e NuttX/nuttx/drivers/libdrivers.a(serial.o)
 .text.uart_write
                0x0000000008002746       0xf6 NuttX/nuttx/drivers/libdrivers.a(serial.o)
 .text.uart_register
                0x000000000800283c       0x70 NuttX/nuttx/drivers/libdrivers.a(serial.o)
                0x000000000800283c                uart_register
 .text.uart_datareceived
                0x00000000080028ac       0x12 NuttX/nuttx/drivers/libdrivers.a(serial.o)
                0x00000000080028ac                uart_datareceived
 .text.uart_datasent
                0x00000000080028be       0x12 NuttX/nuttx/drivers/libdrivers.a(serial.o)
                0x00000000080028be                uart_datasent
 .text.uart_xmitchars
                0x00000000080028d0       0x70 NuttX/nuttx/drivers/libdrivers.a(serial_io.o)
                0x00000000080028d0                uart_xmitchars
 .text.uart_recvchars
                0x0000000008002940       0x66 NuttX/nuttx/drivers/libdrivers.a(serial_io.o)
                0x0000000008002940                uart_recvchars
 .text._vsyslog
                0x00000000080029a6       0x26 NuttX/nuttx/drivers/libdrivers.a(vsyslog.o)
                0x00000000080029a6                _vsyslog
 .text.syslogstream_putc
                0x00000000080029cc       0x28 NuttX/nuttx/drivers/libdrivers.a(syslog_stream.o)
 .text.syslogstream_create
                0x00000000080029f4       0x18 NuttX/nuttx/drivers/libdrivers.a(syslog_stream.o)
                0x00000000080029f4                syslogstream_create
 .text.emergstream_putc
                0x0000000008002a0c       0x24 NuttX/nuttx/drivers/libdrivers.a(syslog_emergstream.o)
 .text.emergstream
                0x0000000008002a30       0x18 NuttX/nuttx/drivers/libdrivers.a(syslog_emergstream.o)
                0x0000000008002a30                emergstream
 .text.syslog_putc
                0x0000000008002a48       0x2c NuttX/nuttx/drivers/libdrivers.a(syslog_putc.o)
                0x0000000008002a48                syslog_putc
 .text.syslog_force
                0x0000000008002a74        0xc NuttX/nuttx/drivers/libdrivers.a(syslog_force.o)
                0x0000000008002a74                syslog_force
 .text.syslog_default_flush
                0x0000000008002a80        0x4 NuttX/nuttx/drivers/libdrivers.a(syslog_channel.o)
 .text.syslog_channel
                0x0000000008002a84       0x14 NuttX/nuttx/drivers/libdrivers.a(syslog_channel.o)
                0x0000000008002a84                syslog_channel
 .text.register_driver
                0x0000000008002a98       0x32 NuttX/nuttx/fs/libfs.a(fs_registerdriver.o)
                0x0000000008002a98                register_driver
 *fill*         0x0000000008002aca        0x2 
 .text.inode_initialize
                0x0000000008002acc       0x2c NuttX/nuttx/fs/libfs.a(fs_inode.o)
                0x0000000008002acc                inode_initialize
 .text.inode_semtake
                0x0000000008002af8       0x48 NuttX/nuttx/fs/libfs.a(fs_inode.o)
                0x0000000008002af8                inode_semtake
 .text.inode_semgive
                0x0000000008002b40       0x24 NuttX/nuttx/fs/libfs.a(fs_inode.o)
                0x0000000008002b40                inode_semgive
 .text.inode_alloc
                0x0000000008002b64       0x3c NuttX/nuttx/fs/libfs.a(fs_inodereserve.o)
 .text.inode_reserve
                0x0000000008002ba0       0xb0 NuttX/nuttx/fs/libfs.a(fs_inodereserve.o)
                0x0000000008002ba0                inode_reserve
 .text.inode_nextname
                0x0000000008002c50       0x20 NuttX/nuttx/fs/libfs.a(fs_inodesearch.o)
                0x0000000008002c50                inode_nextname
 .text.inode_search
                0x0000000008002c70       0xa4 NuttX/nuttx/fs/libfs.a(fs_inodesearch.o)
                0x0000000008002c70                inode_search
 .text.zalloc   0x0000000008002d14        0xc NuttX/nuttx/mm/libmm.a(umm_zalloc.o)
                0x0000000008002d14                zalloc
 .text.mm_zalloc
                0x0000000008002d20       0x18 NuttX/nuttx/mm/libmm.a(mm_zalloc.o)
                0x0000000008002d20                mm_zalloc
 .text.mm_malloc
                0x0000000008002d38       0x8a NuttX/nuttx/mm/libmm.a(mm_malloc.o)
                0x0000000008002d38                mm_malloc
 .text.mm_seminitialize
                0x0000000008002dc2       0x18 NuttX/nuttx/mm/libmm.a(mm_sem.o)
                0x0000000008002dc2                mm_seminitialize
 .text.mm_trysemaphore
                0x0000000008002dda       0x32 NuttX/nuttx/mm/libmm.a(mm_sem.o)
                0x0000000008002dda                mm_trysemaphore
 .text.mm_takesemaphore
                0x0000000008002e0c       0x40 NuttX/nuttx/mm/libmm.a(mm_sem.o)
                0x0000000008002e0c                mm_takesemaphore
 .text.mm_givesemaphore
                0x0000000008002e4c       0x2c NuttX/nuttx/mm/libmm.a(mm_sem.o)
                0x0000000008002e4c                mm_givesemaphore
 .text.mm_addfreechunk
                0x0000000008002e78       0x38 NuttX/nuttx/mm/libmm.a(mm_addfreechunk.o)
                0x0000000008002e78                mm_addfreechunk
 .text.mm_size2ndx
                0x0000000008002eb0       0x1a NuttX/nuttx/mm/libmm.a(mm_size2ndx.o)
                0x0000000008002eb0                mm_size2ndx
 *fill*         0x0000000008002eca        0x2 
 .text.get_errno_ptr
                0x0000000008002ecc       0x24 NuttX/nuttx/sched/libsched.a(errno_getptr.o)
                0x0000000008002ecc                get_errno_ptr
 .text.os_start
                0x0000000008002ef0      0x14c NuttX/nuttx/sched/libsched.a(os_start.o)
                0x0000000008002ef0                os_start
 .text.os_bringup
                0x000000000800303c       0x34 NuttX/nuttx/sched/libsched.a(os_bringup.o)
                0x000000000800303c                os_bringup
 .text.irq_attach
                0x0000000008003070       0x4c NuttX/nuttx/sched/libsched.a(irq_attach.o)
                0x0000000008003070                irq_attach
 .text.irq_dispatch
                0x00000000080030bc       0x18 NuttX/nuttx/sched/libsched.a(irq_dispatch.o)
                0x00000000080030bc                irq_dispatch
 .text.irq_unexpected_isr
                0x00000000080030d4       0x18 NuttX/nuttx/sched/libsched.a(irq_unexpectedisr.o)
                0x00000000080030d4                irq_unexpected_isr
 .text.sched_garbage_collection
                0x00000000080030ec       0x30 NuttX/nuttx/sched/libsched.a(sched_garbage.o)
                0x00000000080030ec                sched_garbage_collection
 .text.sched_have_garbage
                0x000000000800311c       0x10 NuttX/nuttx/sched/libsched.a(sched_garbage.o)
                0x000000000800311c                sched_have_garbage
 .text.sched_foreach
                0x000000000800312c       0x2c NuttX/nuttx/sched/libsched.a(sched_foreach.o)
                0x000000000800312c                sched_foreach
 .text.sched_idletask
                0x0000000008003158       0x18 NuttX/nuttx/sched/libsched.a(sched_idletask.o)
                0x0000000008003158                sched_idletask
 .text.sem_wait
                0x0000000008003170       0x88 NuttX/nuttx/sched/libsched.a(sem_wait.o)
                0x0000000008003170                sem_wait
 .text.sem_trywait
                0x00000000080031f8       0x50 NuttX/nuttx/sched/libsched.a(sem_trywait.o)
                0x00000000080031f8                sem_trywait
 .text.sem_post
                0x0000000008003248       0x68 NuttX/nuttx/sched/libsched.a(sem_post.o)
                0x0000000008003248                sem_post
 .text.sem_reset
                0x00000000080032b0       0x42 NuttX/nuttx/sched/libsched.a(sem_reset.o)
                0x00000000080032b0                sem_reset
 *fill*         0x00000000080032f2        0x2 
 .text.thread_create
                0x00000000080032f4       0xa8 NuttX/nuttx/sched/libsched.a(task_create.o)
 .text.task_create
                0x000000000800339c       0x16 NuttX/nuttx/sched/libsched.a(task_create.o)
                0x000000000800339c                task_create
 *fill*         0x00000000080033b2        0x2 
 .text.task_schedsetup
                0x00000000080033b4       0xb4 NuttX/nuttx/sched/libsched.a(task_setup.o)
                0x00000000080033b4                task_schedsetup
 .text.task_argsetup
                0x0000000008003468       0xd0 NuttX/nuttx/sched/libsched.a(task_setup.o)
                0x0000000008003468                task_argsetup
 .text.task_activate
                0x0000000008003538       0x1a NuttX/nuttx/sched/libsched.a(task_activate.o)
                0x0000000008003538                task_activate
 *fill*         0x0000000008003552        0x2 
 .text.task_start
                0x0000000008003554       0x2c NuttX/nuttx/sched/libsched.a(task_start.o)
                0x0000000008003554                task_start
 .text.getpid   0x0000000008003580       0x10 NuttX/nuttx/sched/libsched.a(task_getpid.o)
                0x0000000008003580                getpid
 .text.exit     0x0000000008003590       0x1c NuttX/nuttx/sched/libsched.a(exit.o)
                0x0000000008003590                exit
 .text.group_allocate
                0x00000000080035ac       0x18 NuttX/nuttx/sched/libsched.a(group_create.o)
                0x00000000080035ac                group_allocate
 .text.group_initialize
                0x00000000080035c4        0xa NuttX/nuttx/sched/libsched.a(group_create.o)
                0x00000000080035c4                group_initialize
 *fill*         0x00000000080035ce        0x2 
 .text.group_setupidlefiles
                0x00000000080035d0       0x38 NuttX/nuttx/sched/libsched.a(group_setupidlefiles.o)
                0x00000000080035d0                group_setupidlefiles
 .text.group_setuptaskfiles
                0x0000000008003608        0xe NuttX/nuttx/sched/libsched.a(group_setuptaskfiles.o)
                0x0000000008003608                group_setuptaskfiles
 *fill*         0x0000000008003616        0x2 
 .text.irq_initialize
                0x0000000008003618       0x1c NuttX/nuttx/sched/libsched.a(irq_initialize.o)
                0x0000000008003618                irq_initialize
 .text.sched_releasetcb
                0x0000000008003634       0x40 NuttX/nuttx/sched/libsched.a(sched_releasetcb.o)
                0x0000000008003634                sched_releasetcb
 .text.sched_lock
                0x0000000008003674       0x1c NuttX/nuttx/sched/libsched.a(sched_lock.o)
                0x0000000008003674                sched_lock
 .text.sched_unlock
                0x0000000008003690       0x50 NuttX/nuttx/sched/libsched.a(sched_unlock.o)
                0x0000000008003690                sched_unlock
 .text.task_exithook
                0x00000000080036e0       0x1e NuttX/nuttx/sched/libsched.a(task_exithook.o)
                0x00000000080036e0                task_exithook
 .text.task_recover
                0x00000000080036fe       0x12 NuttX/nuttx/sched/libsched.a(task_recover.o)
                0x00000000080036fe                task_recover
 .text.wd_recover
                0x0000000008003710       0x28 NuttX/nuttx/sched/libsched.a(wd_recover.o)
                0x0000000008003710                wd_recover
 .text.group_leave
                0x0000000008003738       0x26 NuttX/nuttx/sched/libsched.a(group_leave.o)
                0x0000000008003738                group_leave
 *fill*         0x000000000800375e        0x2 
 .text.sched_ufree
                0x0000000008003760       0x40 NuttX/nuttx/sched/libsched.a(sched_free.o)
                0x0000000008003760                sched_ufree
 .text.sem_recover
                0x00000000080037a0       0x26 NuttX/nuttx/sched/libsched.a(sem_recover.o)
                0x00000000080037a0                sem_recover
 *fill*         0x00000000080037c6        0x2 
 .text.wd_cancel
                0x00000000080037c8       0x70 NuttX/nuttx/sched/libsched.a(wd_cancel.o)
                0x00000000080037c8                wd_cancel
 .text.wd_delete
                0x0000000008003838       0x54 NuttX/nuttx/sched/libsched.a(wd_delete.o)
                0x0000000008003838                wd_delete
 .text.wd_initialize
                0x000000000800388c       0x38 NuttX/nuttx/sched/libsched.a(wd_initialize.o)
                0x000000000800388c                wd_initialize
 .text.up_allocate_heap
                0x00000000080038c4       0x14 NuttX/nuttx/arch/arm/src/libarch.a(stm32_allocateheap.o)
                0x00000000080038c4                up_allocate_heap
 .text.up_idle  0x00000000080038d8        0x2 NuttX/nuttx/arch/arm/src/libarch.a(stm32_idle.o)
                0x00000000080038d8                up_idle
 *fill*         0x00000000080038da        0x2 
 .text.up_block_task
                0x00000000080038dc       0x70 NuttX/nuttx/arch/arm/src/libarch.a(up_blocktask.o)
                0x00000000080038dc                up_block_task
 .text.up_copyfullstate
                0x000000000800394c       0x18 NuttX/nuttx/arch/arm/src/libarch.a(up_copyfullstate.o)
                0x000000000800394c                up_copyfullstate
 .text.up_stack_color
                0x0000000008003964       0x28 NuttX/nuttx/arch/arm/src/libarch.a(up_createstack.o)
                0x0000000008003964                up_stack_color
 .text.up_create_stack
                0x000000000800398c       0x46 NuttX/nuttx/arch/arm/src/libarch.a(up_createstack.o)
                0x000000000800398c                up_create_stack
 .text.up_mdelay
                0x00000000080039d2       0x2a NuttX/nuttx/arch/arm/src/libarch.a(up_mdelay.o)
                0x00000000080039d2                up_mdelay
 .text._exit    0x00000000080039fc       0x20 NuttX/nuttx/arch/arm/src/libarch.a(up_exit.o)
                0x00000000080039fc                _exit
 .text.up_initialize
                0x0000000008003a1c       0x30 NuttX/nuttx/arch/arm/src/libarch.a(up_initialize.o)
                0x0000000008003a1c                up_initialize
 .text.up_initial_state
                0x0000000008003a4c       0x2e NuttX/nuttx/arch/arm/src/libarch.a(up_initialstate.o)
                0x0000000008003a4c                up_initial_state
 *fill*         0x0000000008003a7a        0x2 
 .text.up_interrupt_context
                0x0000000008003a7c       0x10 NuttX/nuttx/arch/arm/src/libarch.a(up_interruptcontext.o)
                0x0000000008003a7c                up_interrupt_context
 .text.up_release_pending
                0x0000000008003a8c       0x38 NuttX/nuttx/arch/arm/src/libarch.a(up_releasepending.o)
                0x0000000008003a8c                up_release_pending
 .text.up_release_stack
                0x0000000008003ac4       0x16 NuttX/nuttx/arch/arm/src/libarch.a(up_releasestack.o)
                0x0000000008003ac4                up_release_stack
 .text.up_stack_frame
                0x0000000008003ada       0x26 NuttX/nuttx/arch/arm/src/libarch.a(up_stackframe.o)
                0x0000000008003ada                up_stack_frame
 .text.up_unblock_task
                0x0000000008003b00       0x54 NuttX/nuttx/arch/arm/src/libarch.a(up_unblocktask.o)
                0x0000000008003b00                up_unblock_task
 .text          0x0000000008003b54        0xa NuttX/nuttx/arch/arm/src/libarch.a(up_fullcontextrestore.o)
                0x0000000008003b54                up_fullcontextrestore
 .text          0x0000000008003b5e        0xc NuttX/nuttx/arch/arm/src/libarch.a(up_switchcontext.o)
                0x0000000008003b5e                up_switchcontext
 .text.stm32_timerisr
                0x0000000008003b6a        0xa NuttX/nuttx/arch/arm/src/libarch.a(stm32_timerisr.o)
 .text.arm_timer_initialize
                0x0000000008003b74       0x44 NuttX/nuttx/arch/arm/src/libarch.a(stm32_timerisr.o)
                0x0000000008003b74                arm_timer_initialize
 .text.sq_addlast
                0x0000000008003bb8       0x14 NuttX/nuttx/libc/libc.a(sq_addlast.o)
                0x0000000008003bb8                sq_addlast
 .text.sq_remfirst
                0x0000000008003bcc       0x14 NuttX/nuttx/libc/libc.a(sq_remfirst.o)
                0x0000000008003bcc                sq_remfirst
 .text.sq_remafter
                0x0000000008003be0       0x20 NuttX/nuttx/libc/libc.a(sq_remafter.o)
                0x0000000008003be0                sq_remafter
 .text.dq_addfirst
                0x0000000008003c00       0x18 NuttX/nuttx/libc/libc.a(dq_addfirst.o)
                0x0000000008003c00                dq_addfirst
 .text.dq_rem   0x0000000008003c18       0x1c NuttX/nuttx/libc/libc.a(dq_rem.o)
                0x0000000008003c18                dq_rem
 .text.sem_setprotocol
                0x0000000008003c34       0x1e NuttX/nuttx/libc/libc.a(sem_setprotocol.o)
                0x0000000008003c34                sem_setprotocol
 .text.utodec   0x0000000008003c52       0x24 NuttX/nuttx/libc/libc.a(lib_libvsprintf.o)
 .text.utohex   0x0000000008003c76       0x4a NuttX/nuttx/libc/libc.a(lib_libvsprintf.o)
 .text.utooct   0x0000000008003cc0       0x1e NuttX/nuttx/libc/libc.a(lib_libvsprintf.o)
 .text.utobin   0x0000000008003cde       0x1e NuttX/nuttx/libc/libc.a(lib_libvsprintf.o)
 .text.utoascii
                0x0000000008003cfc       0x82 NuttX/nuttx/libc/libc.a(lib_libvsprintf.o)
 .text.prejustify
                0x0000000008003d7e       0x92 NuttX/nuttx/libc/libc.a(lib_libvsprintf.o)
 .text.lib_vsprintf
                0x0000000008003e10      0x290 NuttX/nuttx/libc/libc.a(lib_libvsprintf.o)
                0x0000000008003e10                lib_vsprintf
 .text.nulloutstream_putc
                0x00000000080040a0        0x8 NuttX/nuttx/libc/libc.a(lib_nulloutstream.o)
 .text.lib_nulloutstream
                0x00000000080040a8       0x18 NuttX/nuttx/libc/libc.a(lib_nulloutstream.o)
                0x00000000080040a8                lib_nulloutstream
 .text.lib_noflush
                0x00000000080040c0        0x4 NuttX/nuttx/libc/libc.a(lib_libnoflush.o)
                0x00000000080040c0                lib_noflush
 .text.memset   0x00000000080040c4       0x10 NuttX/nuttx/libc/libc.a(lib_memset.o)
                0x00000000080040c4                memset
 .text.strchr   0x00000000080040d4       0x16 NuttX/nuttx/libc/libc.a(lib_strchr.o)
                0x00000000080040d4                strchr
 .text.strlen   0x00000000080040ea       0x10 NuttX/nuttx/libc/libc.a(lib_strlen.o)
                0x00000000080040ea                strlen
 .text.strnlen  0x00000000080040fa       0x18 NuttX/nuttx/libc/libc.a(lib_strnlen.o)
                0x00000000080040fa                strnlen
 .text.strncpy  0x0000000008004112       0x24 NuttX/nuttx/libc/libc.a(lib_strncpy.o)
                0x0000000008004112                strncpy
 .text.syslog_initialize
                0x0000000008004136        0xc NuttX/nuttx/drivers/libdrivers.a(syslog_initialize.o)
                0x0000000008004136                syslog_initialize
 *fill*         0x0000000008004142        0x2 
 .text.syslog_console_channel
                0x0000000008004144       0x28 NuttX/nuttx/drivers/libdrivers.a(syslog_consolechannel.o)
                0x0000000008004144                syslog_console_channel
 .text.syslog_dev_takesem
                0x000000000800416c       0x38 NuttX/nuttx/drivers/libdrivers.a(syslog_device.o)
 .text.syslog_dev_initialize
                0x00000000080041a4       0x7c NuttX/nuttx/drivers/libdrivers.a(syslog_device.o)
                0x00000000080041a4                syslog_dev_initialize
 .text.syslog_dev_outputready
                0x0000000008004220       0x60 NuttX/nuttx/drivers/libdrivers.a(syslog_device.o)
 .text.syslog_dev_putc
                0x0000000008004280       0x68 NuttX/nuttx/drivers/libdrivers.a(syslog_device.o)
                0x0000000008004280                syslog_dev_putc
 .text.syslog_dev_flush
                0x00000000080042e8        0x4 NuttX/nuttx/drivers/libdrivers.a(syslog_device.o)
                0x00000000080042e8                syslog_dev_flush
 .text.fs_initialize
                0x00000000080042ec        0x4 NuttX/nuttx/fs/libfs.a(fs_initialize.o)
                0x00000000080042ec                fs_initialize
 .text._files_close
                0x00000000080042f0       0x2a NuttX/nuttx/fs/libfs.a(fs_files.o)
 *fill*         0x000000000800431a        0x2 
 .text._files_semtake
                0x000000000800431c       0x24 NuttX/nuttx/fs/libfs.a(fs_files.o)
 .text.files_initialize
                0x0000000008004340        0x2 NuttX/nuttx/fs/libfs.a(fs_files.o)
                0x0000000008004340                files_initialize
 .text.files_initlist
                0x0000000008004342        0x8 NuttX/nuttx/fs/libfs.a(fs_files.o)
                0x0000000008004342                files_initlist
 .text.files_releaselist
                0x000000000800434a       0x20 NuttX/nuttx/fs/libfs.a(fs_files.o)
                0x000000000800434a                files_releaselist
 .text.file_dup2
                0x000000000800436a       0x84 NuttX/nuttx/fs/libfs.a(fs_files.o)
                0x000000000800436a                file_dup2
 .text.files_allocate
                0x00000000080043ee       0x4e NuttX/nuttx/fs/libfs.a(fs_files.o)
                0x00000000080043ee                files_allocate
 .text.files_close
                0x000000000800443c       0x34 NuttX/nuttx/fs/libfs.a(fs_files.o)
                0x000000000800443c                files_close
 .text.files_release
                0x0000000008004470       0x2a NuttX/nuttx/fs/libfs.a(fs_files.o)
                0x0000000008004470                files_release
 .text.inode_addref
                0x000000000800449a       0x1a NuttX/nuttx/fs/libfs.a(fs_inodeaddref.o)
                0x000000000800449a                inode_addref
 .text.inode_release
                0x00000000080044b4       0x3a NuttX/nuttx/fs/libfs.a(fs_inoderelease.o)
                0x00000000080044b4                inode_release
 .text.file_detach
                0x00000000080044ee       0x52 NuttX/nuttx/fs/libfs.a(fs_filedetach.o)
                0x00000000080044ee                file_detach
 .text.close    0x0000000008004540       0x24 NuttX/nuttx/fs/libfs.a(fs_close.o)
                0x0000000008004540                close
 .text.dup2     0x0000000008004564       0x3a NuttX/nuttx/fs/libfs.a(fs_dupfd2.o)
                0x0000000008004564                dup2
 .text.fs_getfilep
                0x000000000800459e       0x26 NuttX/nuttx/fs/libfs.a(fs_getfilep.o)
                0x000000000800459e                fs_getfilep
 .text.inode_checkflags
                0x00000000080045c4       0x28 NuttX/nuttx/fs/libfs.a(fs_open.o)
                0x00000000080045c4                inode_checkflags
 .text.open     0x00000000080045ec       0x8e NuttX/nuttx/fs/libfs.a(fs_open.o)
                0x00000000080045ec                open
 .text.file_write
                0x000000000800467a       0x2c NuttX/nuttx/fs/libfs.a(fs_write.o)
                0x000000000800467a                file_write
 .text.write    0x00000000080046a6       0x30 NuttX/nuttx/fs/libfs.a(fs_write.o)
                0x00000000080046a6                write
 .text.inode_find
                0x00000000080046d6       0x22 NuttX/nuttx/fs/libfs.a(fs_inodefind.o)
                0x00000000080046d6                inode_find
 .text.inode_free
                0x00000000080046f8       0x1e NuttX/nuttx/fs/libfs.a(fs_inodefree.o)
                0x00000000080046f8                inode_free
 *fill*         0x0000000008004716        0x2 
 .text.umm_initialize
                0x0000000008004718       0x10 NuttX/nuttx/mm/libmm.a(umm_initialize.o)
                0x0000000008004718                umm_initialize
 .text.umm_trysemaphore
                0x0000000008004728        0xc NuttX/nuttx/mm/libmm.a(umm_sem.o)
                0x0000000008004728                umm_trysemaphore
 .text.umm_givesemaphore
                0x0000000008004734        0xc NuttX/nuttx/mm/libmm.a(umm_sem.o)
                0x0000000008004734                umm_givesemaphore
 .text.free     0x0000000008004740        0xc NuttX/nuttx/mm/libmm.a(umm_free.o)
                0x0000000008004740                free
 .text.malloc   0x000000000800474c        0xc NuttX/nuttx/mm/libmm.a(umm_malloc.o)
                0x000000000800474c                malloc
 .text.mm_addregion
                0x0000000008004758       0x4e NuttX/nuttx/mm/libmm.a(mm_initialize.o)
                0x0000000008004758                mm_addregion
 .text.mm_initialize
                0x00000000080047a6       0x40 NuttX/nuttx/mm/libmm.a(mm_initialize.o)
                0x00000000080047a6                mm_initialize
 .text.mm_free  0x00000000080047e6       0x9c NuttX/nuttx/mm/libmm.a(mm_free.o)
                0x00000000080047e6                mm_free
 *fill*         0x0000000008004882        0x2 
 .text.sched_getfiles
                0x0000000008004884       0x10 NuttX/nuttx/sched/libsched.a(sched_getfiles.o)
                0x0000000008004884                sched_getfiles
 .text.sched_addreadytorun
                0x0000000008004894       0x48 NuttX/nuttx/sched/libsched.a(sched_addreadytorun.o)
                0x0000000008004894                sched_addreadytorun
 .text.sched_removereadytorun
                0x00000000080048dc       0x28 NuttX/nuttx/sched/libsched.a(sched_removereadytorun.o)
                0x00000000080048dc                sched_removereadytorun
 .text.sched_addprioritized
                0x0000000008004904       0x58 NuttX/nuttx/sched/libsched.a(sched_addprioritized.o)
                0x0000000008004904                sched_addprioritized
 .text.sched_mergepending
                0x000000000800495c       0x68 NuttX/nuttx/sched/libsched.a(sched_mergepending.o)
                0x000000000800495c                sched_mergepending
 .text.sched_addblocked
                0x00000000080049c4       0x28 NuttX/nuttx/sched/libsched.a(sched_addblocked.o)
                0x00000000080049c4                sched_addblocked
 .text.sched_removeblocked
                0x00000000080049ec       0x1c NuttX/nuttx/sched/libsched.a(sched_removeblocked.o)
                0x00000000080049ec                sched_removeblocked
 .text.sched_process_timer
                0x0000000008004a08       0x18 NuttX/nuttx/sched/libsched.a(sched_processtimer.o)
                0x0000000008004a08                sched_process_timer
 .text.sem_destroy
                0x0000000008004a20       0x20 NuttX/nuttx/sched/libsched.a(sem_destroy.o)
                0x0000000008004a20                sem_destroy
 .text.task_exit
                0x0000000008004a40       0x4c NuttX/nuttx/sched/libsched.a(task_exit.o)
                0x0000000008004a40                task_exit
 .text.task_terminate
                0x0000000008004a8c       0x54 NuttX/nuttx/sched/libsched.a(task_terminate.o)
                0x0000000008004a8c                task_terminate
 .text.wd_timer
                0x0000000008004ae0       0x68 NuttX/nuttx/sched/libsched.a(wd_start.o)
                0x0000000008004ae0                wd_timer
 .text.sched_gettcb
                0x0000000008004b48       0x24 NuttX/nuttx/sched/libsched.a(sched_gettcb.o)
                0x0000000008004b48                sched_gettcb
 .text.sq_addfirst
                0x0000000008004b6c        0xe NuttX/nuttx/libc/libc.a(sq_addfirst.o)
                0x0000000008004b6c                sq_addfirst
 .text.sq_addafter
                0x0000000008004b7a       0x1c NuttX/nuttx/libc/libc.a(sq_addafter.o)
                0x0000000008004b7a                sq_addafter
 .text.dq_addlast
                0x0000000008004b96       0x18 NuttX/nuttx/libc/libc.a(dq_addlast.o)
                0x0000000008004b96                dq_addlast
 .text.strdup   0x0000000008004bae       0x1c NuttX/nuttx/libc/libc.a(lib_strdup.o)
                0x0000000008004bae                strdup
 *fill*         0x0000000008004bca        0x2 
 .text.isr_debug
                0x0000000008004bcc       0x4c src/modules/px4iofirmware/libpx4iofirmware.a(px4io.c.obj)
                0x0000000008004bcc                isr_debug
 .text.schedule_reboot
                0x0000000008004c18       0x20 src/modules/px4iofirmware/libpx4iofirmware.a(px4io.c.obj)
                0x0000000008004c18                schedule_reboot
 .text.user_start
                0x0000000008004c38      0x40c src/modules/px4iofirmware/libpx4iofirmware.a(px4io.c.obj)
                0x0000000008004c38                user_start
 .text.pwm_configure_rates
                0x0000000008005044       0x74 src/modules/px4iofirmware/libpx4iofirmware.a(registers.c.obj)
 .text.registers_set
                0x00000000080050b8      0x560 src/modules/px4iofirmware/libpx4iofirmware.a(registers.c.obj)
                0x00000000080050b8                registers_set
 .text.registers_get
                0x0000000008005618      0x1a0 src/modules/px4iofirmware/libpx4iofirmware.a(registers.c.obj)
                0x0000000008005618                registers_get
 .text.safety_check_button
                0x00000000080057b8       0xfc src/modules/px4iofirmware/libpx4iofirmware.a(safety.c.obj)
 .text.failsafe_blink
                0x00000000080058b4       0x38 src/modules/px4iofirmware/libpx4iofirmware.a(safety.c.obj)
 .text.safety_init
                0x00000000080058ec       0x30 src/modules/px4iofirmware/libpx4iofirmware.a(safety.c.obj)
                0x00000000080058ec                safety_init
 .text.failsafe_led_init
                0x000000000800591c       0x30 src/modules/px4iofirmware/libpx4iofirmware.a(safety.c.obj)
                0x000000000800591c                failsafe_led_init
 .text.dma_reset
                0x000000000800594c       0x6c src/modules/px4iofirmware/libpx4iofirmware.a(serial.c.obj)
 .text.rx_dma_callback
                0x00000000080059b8      0x144 src/modules/px4iofirmware/libpx4iofirmware.a(serial.c.obj)
 .text.serial_interrupt
                0x0000000008005afc       0xd0 src/modules/px4iofirmware/libpx4iofirmware.a(serial.c.obj)
 .text.interface_init
                0x0000000008005bcc       0xcc src/modules/px4iofirmware/libpx4iofirmware.a(serial.c.obj)
                0x0000000008005bcc                interface_init
 .text.pwm_limit_init
                0x0000000008005c98        0xe src/modules/px4iofirmware/libpx4iofirmware.a(pwm_limit.c.obj)
                0x0000000008005c98                pwm_limit_init
 *fill*         0x0000000008005ca6        0x2 
 .text.pwm_limit_calc
                0x0000000008005ca8      0x214 src/modules/px4iofirmware/libpx4iofirmware.a(pwm_limit.c.obj)
                0x0000000008005ca8                pwm_limit_calc
 .text.adc_init
                0x0000000008005ebc       0x88 src/modules/px4iofirmware/libpx4iofirmware.a(adc.c.obj)
                0x0000000008005ebc                adc_init
 .text.adc_measure
                0x0000000008005f44       0x78 src/modules/px4iofirmware/libpx4iofirmware.a(adc.c.obj)
                0x0000000008005f44                adc_measure
 .text.controls_init
                0x0000000008005fbc       0x90 src/modules/px4iofirmware/libpx4iofirmware.a(controls.c.obj)
                0x0000000008005fbc                controls_init
 .text.controls_tick
                0x000000000800604c      0x7c8 src/modules/px4iofirmware/libpx4iofirmware.a(controls.c.obj)
                0x000000000800604c                controls_tick
 .text._ZL14mixer_callbackjhhRf
                0x0000000008006814      0x1b0 src/modules/px4iofirmware/libpx4iofirmware.a(mixer.cpp.obj)
 .text.mixer_handle_text_create_mixer
                0x00000000080069c4       0x94 src/modules/px4iofirmware/libpx4iofirmware.a(mixer.cpp.obj)
                0x00000000080069c4                mixer_handle_text_create_mixer
 .text.mixer_handle_text
                0x0000000008006a58      0x134 src/modules/px4iofirmware/libpx4iofirmware.a(mixer.cpp.obj)
                0x0000000008006a58                mixer_handle_text
 .text.startup._GLOBAL__sub_I_mixer_tick
                0x0000000008006b8c       0x2c src/modules/px4iofirmware/libpx4iofirmware.a(mixer.cpp.obj)
 .text._ZL20mixer_mix_threadsafePfPVt.constprop.3
                0x0000000008006bb8       0x3c src/modules/px4iofirmware/libpx4iofirmware.a(mixer.cpp.obj)
 .text.mixer_set_failsafe
                0x0000000008006bf4      0x108 src/modules/px4iofirmware/libpx4iofirmware.a(mixer.cpp.obj)
                0x0000000008006bf4                mixer_set_failsafe
 .text.mixer_tick
                0x0000000008006cfc      0x604 src/modules/px4iofirmware/libpx4iofirmware.a(mixer.cpp.obj)
                0x0000000008006cfc                mixer_tick
 .text.up_cxxinitialize
                0x0000000008007300       0x30 NuttX/apps/libapps.a(gnu_cxxinitialize.o)
                0x0000000008007300                up_cxxinitialize
 .text.up_udelay
                0x0000000008007330       0x72 NuttX/nuttx/arch/arm/src/libarch.a(up_udelay.o)
                0x0000000008007330                up_udelay
 *fill*         0x00000000080073a2        0x2 
 .text.up_systemreset
                0x00000000080073a4       0x1c NuttX/nuttx/arch/arm/src/libarch.a(up_systemreset.o)
                0x00000000080073a4                up_systemreset
 .text.stm32_boardinitialize
                0x00000000080073c0      0x110 src/drivers/boards/px4io-v2/libdrivers_board.a(init.c.obj)
                0x00000000080073c0                stm32_boardinitialize
 .text.hrt_absolute_time
                0x00000000080074d0       0x50 src/drivers/stm32/libdrivers_arch.a(drv_hrt.c.obj)
                0x00000000080074d0                hrt_absolute_time
 .text.hrt_call_reschedule
                0x0000000008007520       0x5c src/drivers/stm32/libdrivers_arch.a(drv_hrt.c.obj)
 .text.hrt_call_enter
                0x000000000800757c       0x4c src/drivers/stm32/libdrivers_arch.a(drv_hrt.c.obj)
 .text.hrt_call_internal
                0x00000000080075c8       0x4c src/drivers/stm32/libdrivers_arch.a(drv_hrt.c.obj)
 .text.hrt_tim_isr
                0x0000000008007614      0x1f0 src/drivers/stm32/libdrivers_arch.a(drv_hrt.c.obj)
 .text.hrt_elapsed_time
                0x0000000008007804       0x28 src/drivers/stm32/libdrivers_arch.a(drv_hrt.c.obj)
                0x0000000008007804                hrt_elapsed_time
 .text.hrt_init
                0x000000000800782c       0x84 src/drivers/stm32/libdrivers_arch.a(drv_hrt.c.obj)
                0x000000000800782c                hrt_init
 .text.hrt_call_every
                0x00000000080078b0       0x2e src/drivers/stm32/libdrivers_arch.a(drv_hrt.c.obj)
                0x00000000080078b0                hrt_call_every
 .text.up_pwm_servo_set
                0x00000000080078de        0x4 src/drivers/stm32/libdrivers_arch.a(drv_pwm_servo.c.obj)
                0x00000000080078de                up_pwm_servo_set
 .text.up_pwm_servo_init
                0x00000000080078e2       0x74 src/drivers/stm32/libdrivers_arch.a(drv_pwm_servo.c.obj)
                0x00000000080078e2                up_pwm_servo_init
 *fill*         0x0000000008007956        0x2 
 .text.up_pwm_servo_set_rate_group_update
                0x0000000008007958       0x30 src/drivers/stm32/libdrivers_arch.a(drv_pwm_servo.c.obj)
                0x0000000008007958                up_pwm_servo_set_rate_group_update
 .text.up_pwm_update
                0x0000000008007988        0x4 src/drivers/stm32/libdrivers_arch.a(drv_pwm_servo.c.obj)
                0x0000000008007988                up_pwm_update
 .text.up_pwm_servo_get_rate_group
                0x000000000800798c       0x20 src/drivers/stm32/libdrivers_arch.a(drv_pwm_servo.c.obj)
                0x000000000800798c                up_pwm_servo_get_rate_group
 .text.up_pwm_servo_arm
                0x00000000080079ac       0x1a src/drivers/stm32/libdrivers_arch.a(drv_pwm_servo.c.obj)
                0x00000000080079ac                up_pwm_servo_arm
 *fill*         0x00000000080079c6        0x2 
 .text.get_timer_channels
                0x00000000080079c8       0x48 src/drivers/stm32/libdrivers_arch.a(drv_io_timer.c.obj)
 .text.io_timer_handler0
                0x0000000008007a10        0x4 src/drivers/stm32/libdrivers_arch.a(drv_io_timer.c.obj)
                0x0000000008007a10                io_timer_handler0
 .text.io_timer_handler1
                0x0000000008007a14        0x4 src/drivers/stm32/libdrivers_arch.a(drv_io_timer.c.obj)
                0x0000000008007a14                io_timer_handler1
 .text.io_timer_handler2
                0x0000000008007a18        0x4 src/drivers/stm32/libdrivers_arch.a(drv_io_timer.c.obj)
                0x0000000008007a18                io_timer_handler2
 .text.io_timer_validate_channel_index
                0x0000000008007a1c       0x3c src/drivers/stm32/libdrivers_arch.a(drv_io_timer.c.obj)
                0x0000000008007a1c                io_timer_validate_channel_index
 .text.io_timer_is_channel_free
                0x0000000008007a58       0x20 src/drivers/stm32/libdrivers_arch.a(drv_io_timer.c.obj)
                0x0000000008007a58                io_timer_is_channel_free
 .text.io_timer_get_mode_channels
                0x0000000008007a78       0x10 src/drivers/stm32/libdrivers_arch.a(drv_io_timer.c.obj)
                0x0000000008007a78                io_timer_get_mode_channels
 .text.io_timer_get_channel_mode
                0x0000000008007a88       0x20 src/drivers/stm32/libdrivers_arch.a(drv_io_timer.c.obj)
                0x0000000008007a88                io_timer_get_channel_mode
 .text.io_timer_trigger
                0x0000000008007aa8       0x74 src/drivers/stm32/libdrivers_arch.a(drv_io_timer.c.obj)
                0x0000000008007aa8                io_timer_trigger
 .text.io_timer_init_timer
                0x0000000008007b1c       0xac src/drivers/stm32/libdrivers_arch.a(drv_io_timer.c.obj)
                0x0000000008007b1c                io_timer_init_timer
 .text.io_timer_set_rate
                0x0000000008007bc8       0xbc src/drivers/stm32/libdrivers_arch.a(drv_io_timer.c.obj)
                0x0000000008007bc8                io_timer_set_rate
 .text.io_timer_channel_init
                0x0000000008007c84      0x110 src/drivers/stm32/libdrivers_arch.a(drv_io_timer.c.obj)
                0x0000000008007c84                io_timer_channel_init
 .text.io_timer_set_enable
                0x0000000008007d94      0x198 src/drivers/stm32/libdrivers_arch.a(drv_io_timer.c.obj)
                0x0000000008007d94                io_timer_set_enable
 .text.io_timer_free_channel
                0x0000000008007f2c       0x50 src/drivers/stm32/libdrivers_arch.a(drv_io_timer.c.obj)
                0x0000000008007f2c                io_timer_free_channel
 .text.io_timer_set_ccr
                0x0000000008007f7c       0x44 src/drivers/stm32/libdrivers_arch.a(drv_io_timer.c.obj)
                0x0000000008007f7c                io_timer_set_ccr
 .text.io_timer_get_group
                0x0000000008007fc0        0x4 src/drivers/stm32/libdrivers_arch.a(drv_io_timer.c.obj)
                0x0000000008007fc0                io_timer_get_group
 .text._ZN10MixerGroup8set_trimEf
                0x0000000008007fc4        0x4 src/lib/mixer/libmixer.a(mixer_group.cpp.obj)
                0x0000000008007fc4                MixerGroup::set_trim(float)
 .text._ZN10MixerGroup8get_trimEPf
                0x0000000008007fc8        0x4 src/lib/mixer/libmixer.a(mixer_group.cpp.obj)
                0x0000000008007fc8                MixerGroup::get_trim(float*)
 .text._ZN10MixerGroup3mixEPfj
                0x0000000008007fcc       0x28 src/lib/mixer/libmixer.a(mixer_group.cpp.obj)
                0x0000000008007fcc                MixerGroup::mix(float*, unsigned int)
 .text._ZN10MixerGroup17set_thrust_factorEf
                0x0000000008007ff4       0x18 src/lib/mixer/libmixer.a(mixer_group.cpp.obj)
                0x0000000008007ff4                MixerGroup::set_thrust_factor(float)
 .text._ZN10MixerGroup11set_airmodeEb
                0x000000000800800c       0x18 src/lib/mixer/libmixer.a(mixer_group.cpp.obj)
                0x000000000800800c                MixerGroup::set_airmode(bool)
 .text._ZN10MixerGroup21get_saturation_statusEv
                0x0000000008008024       0x1c src/lib/mixer/libmixer.a(mixer_group.cpp.obj)
                0x0000000008008024                MixerGroup::get_saturation_status()
 .text._ZN10MixerGroup15groups_requiredERj
                0x0000000008008040       0x18 src/lib/mixer/libmixer.a(mixer_group.cpp.obj)
                0x0000000008008040                MixerGroup::groups_required(unsigned int&)
 .text._ZN10MixerGroup22set_max_delta_out_onceEf
                0x0000000008008058       0x18 src/lib/mixer/libmixer.a(mixer_group.cpp.obj)
                0x0000000008008058                MixerGroup::set_max_delta_out_once(float)
 .text._ZN10MixerGroupC2EPFijhhRfEj
                0x0000000008008070       0x18 src/lib/mixer/libmixer.a(mixer_group.cpp.obj)
                0x0000000008008070                MixerGroup::MixerGroup(int (*)(unsigned int, unsigned char, unsigned char, float&), unsigned int)
                0x0000000008008070                MixerGroup::MixerGroup(int (*)(unsigned int, unsigned char, unsigned char, float&), unsigned int)
 .text._ZN10MixerGroup9add_mixerEP5Mixer
                0x0000000008008088       0x14 src/lib/mixer/libmixer.a(mixer_group.cpp.obj)
                0x0000000008008088                MixerGroup::add_mixer(Mixer*)
 .text._ZN10MixerGroup5resetEv
                0x000000000800809c       0x1a src/lib/mixer/libmixer.a(mixer_group.cpp.obj)
                0x000000000800809c                MixerGroup::reset()
 *fill*         0x00000000080080b6        0x2 
 .text._ZN10MixerGroupD2Ev
                0x00000000080080b8       0x14 src/lib/mixer/libmixer.a(mixer_group.cpp.obj)
                0x00000000080080b8                MixerGroup::~MixerGroup()
                0x00000000080080b8                MixerGroup::~MixerGroup()
 .text._ZN10MixerGroupD0Ev
                0x00000000080080cc       0x12 src/lib/mixer/libmixer.a(mixer_group.cpp.obj)
                0x00000000080080cc                MixerGroup::~MixerGroup()
 *fill*         0x00000000080080de        0x2 
 .text._ZN10MixerGroup9set_trimsEPsj
                0x00000000080080e0       0x64 src/lib/mixer/libmixer.a(mixer_group.cpp.obj)
                0x00000000080080e0                MixerGroup::set_trims(short*, unsigned int)
 .text._ZN10MixerGroup13load_from_bufEPKcRj
                0x0000000008008144       0x7e src/lib/mixer/libmixer.a(mixer_group.cpp.obj)
                0x0000000008008144                MixerGroup::load_from_buf(char const*, unsigned int&)
 .text._ZN5Mixer22set_max_delta_out_onceEf
                0x00000000080081c2        0x2 src/lib/mixer/libmixer.a(mixer_helicopter.cpp.obj)
                0x00000000080081c2                Mixer::set_max_delta_out_once(float)
 .text._ZN5Mixer17set_thrust_factorEf
                0x00000000080081c4        0x2 src/lib/mixer/libmixer.a(mixer_helicopter.cpp.obj)
                0x00000000080081c4                Mixer::set_thrust_factor(float)
 .text._ZN5Mixer11set_airmodeEb
                0x00000000080081c6        0x2 src/lib/mixer/libmixer.a(mixer_helicopter.cpp.obj)
                0x00000000080081c6                Mixer::set_airmode(bool)
 .text._ZN15HelicopterMixer21get_saturation_statusEv
                0x00000000080081c8        0x4 src/lib/mixer/libmixer.a(mixer_helicopter.cpp.obj)
                0x00000000080081c8                HelicopterMixer::get_saturation_status()
 .text._ZN15HelicopterMixer8set_trimEf
                0x00000000080081cc        0x4 src/lib/mixer/libmixer.a(mixer_helicopter.cpp.obj)
                0x00000000080081cc                HelicopterMixer::set_trim(float)
 .text._ZN15HelicopterMixer8get_trimEPf
                0x00000000080081d0        0x4 src/lib/mixer/libmixer.a(mixer_helicopter.cpp.obj)
                0x00000000080081d0                HelicopterMixer::get_trim(float*)
 .text._ZN15HelicopterMixer15groups_requiredERj
                0x00000000080081d4        0xa src/lib/mixer/libmixer.a(mixer_helicopter.cpp.obj)
                0x00000000080081d4                HelicopterMixer::groups_required(unsigned int&)
 .text._ZN15HelicopterMixerD2Ev
                0x00000000080081de        0x2 src/lib/mixer/libmixer.a(mixer_helicopter.cpp.obj)
                0x00000000080081de                HelicopterMixer::~HelicopterMixer()
                0x00000000080081de                HelicopterMixer::~HelicopterMixer()
 .text._ZN15HelicopterMixerD0Ev
                0x00000000080081e0        0xc src/lib/mixer/libmixer.a(mixer_helicopter.cpp.obj)
                0x00000000080081e0                HelicopterMixer::~HelicopterMixer()
 .text._ZN15HelicopterMixer3mixEPfj
                0x00000000080081ec      0x1d4 src/lib/mixer/libmixer.a(mixer_helicopter.cpp.obj)
                0x00000000080081ec                HelicopterMixer::mix(float*, unsigned int)
 .text._ZN15HelicopterMixerC2EPFijhhRfEjP12mixer_heli_s
                0x00000000080083c0       0x24 src/lib/mixer/libmixer.a(mixer_helicopter.cpp.obj)
                0x00000000080083c0                HelicopterMixer::HelicopterMixer(int (*)(unsigned int, unsigned char, unsigned char, float&), unsigned int, mixer_heli_s*)
                0x00000000080083c0                HelicopterMixer::HelicopterMixer(int (*)(unsigned int, unsigned char, unsigned char, float&), unsigned int, mixer_heli_s*)
 .text._ZN15HelicopterMixer9from_textEPFijhhRfEjPKcRj
                0x00000000080083e4      0x210 src/lib/mixer/libmixer.a(mixer_helicopter.cpp.obj)
                0x00000000080083e4                HelicopterMixer::from_text(int (*)(unsigned int, unsigned char, unsigned char, float&), unsigned int, char const*, unsigned int&)
 .text._ZN15MultirotorMixer22set_max_delta_out_onceEf
                0x00000000080085f4        0x4 src/lib/mixer/libmixer.a(mixer_multirotor.cpp.obj)
                0x00000000080085f4                MultirotorMixer::set_max_delta_out_once(float)
 .text._ZN15MultirotorMixer8set_trimEf
                0x00000000080085f8        0x4 src/lib/mixer/libmixer.a(mixer_multirotor.cpp.obj)
                0x00000000080085f8                MultirotorMixer::set_trim(float)
 .text._ZN15MultirotorMixer8get_trimEPf
                0x00000000080085fc        0x4 src/lib/mixer/libmixer.a(mixer_multirotor.cpp.obj)
                0x00000000080085fc                MultirotorMixer::get_trim(float*)
 .text._ZN15MultirotorMixer17set_thrust_factorEf
                0x0000000008008600        0x4 src/lib/mixer/libmixer.a(mixer_multirotor.cpp.obj)
                0x0000000008008600                MultirotorMixer::set_thrust_factor(float)
 .text._ZN15MultirotorMixer11set_airmodeEb
                0x0000000008008604        0x6 src/lib/mixer/libmixer.a(mixer_multirotor.cpp.obj)
                0x0000000008008604                MultirotorMixer::set_airmode(bool)
 .text._ZN15MultirotorMixer15groups_requiredERj
                0x000000000800860a        0xa src/lib/mixer/libmixer.a(mixer_multirotor.cpp.obj)
                0x000000000800860a                MultirotorMixer::groups_required(unsigned int&)
 .text._ZN15MultirotorMixer21get_saturation_statusEv
                0x0000000008008614        0x4 src/lib/mixer/libmixer.a(mixer_multirotor.cpp.obj)
                0x0000000008008614                MultirotorMixer::get_saturation_status()
 .text._ZN15MultirotorMixerD2Ev
                0x0000000008008618       0x18 src/lib/mixer/libmixer.a(mixer_multirotor.cpp.obj)
                0x0000000008008618                MultirotorMixer::~MultirotorMixer()
                0x0000000008008618                MultirotorMixer::~MultirotorMixer()
 .text._ZN15MultirotorMixerD0Ev
                0x0000000008008630       0x12 src/lib/mixer/libmixer.a(mixer_multirotor.cpp.obj)
                0x0000000008008630                MultirotorMixer::~MultirotorMixer()
 *fill*         0x0000000008008642        0x2 
 .text._ZN15MultirotorMixerC2EPFijhhRfEj18MultirotorGeometryffff
                0x0000000008008644       0x84 src/lib/mixer/libmixer.a(mixer_multirotor.cpp.obj)
                0x0000000008008644                MultirotorMixer::MultirotorMixer(int (*)(unsigned int, unsigned char, unsigned char, float&), unsigned int, MultirotorGeometry, float, float, float, float)
                0x0000000008008644                MultirotorMixer::MultirotorMixer(int (*)(unsigned int, unsigned char, unsigned char, float&), unsigned int, MultirotorGeometry, float, float, float, float)
 .text._ZN15MultirotorMixer9from_textEPFijhhRfEjPKcRj
                0x00000000080086c8       0xc8 src/lib/mixer/libmixer.a(mixer_multirotor.cpp.obj)
                0x00000000080086c8                MultirotorMixer::from_text(int (*)(unsigned int, unsigned char, unsigned char, float&), unsigned int, char const*, unsigned int&)
 .text._ZN15MultirotorMixer24update_saturation_statusEjbb
                0x0000000008008790      0x16e src/lib/mixer/libmixer.a(mixer_multirotor.cpp.obj)
                0x0000000008008790                MultirotorMixer::update_saturation_status(unsigned int, bool, bool)
 *fill*         0x00000000080088fe        0x2 
 .text._ZN15MultirotorMixer3mixEPfj
                0x0000000008008900      0x574 src/lib/mixer/libmixer.a(mixer_multirotor.cpp.obj)
                0x0000000008008900                MultirotorMixer::mix(float*, unsigned int)
 .text._ZN11SimpleMixer8set_trimEf
                0x0000000008008e74        0x8 src/lib/mixer/libmixer.a(mixer_simple.cpp.obj)
                0x0000000008008e74                SimpleMixer::set_trim(float)
 .text._ZN11SimpleMixer8get_trimEPf
                0x0000000008008e7c        0xa src/lib/mixer/libmixer.a(mixer_simple.cpp.obj)
                0x0000000008008e7c                SimpleMixer::get_trim(float*)
 .text._ZN11SimpleMixer21get_saturation_statusEv
                0x0000000008008e86        0x4 src/lib/mixer/libmixer.a(mixer_simple.cpp.obj)
                0x0000000008008e86                SimpleMixer::get_saturation_status()
 .text._ZN11SimpleMixer15groups_requiredERj
                0x0000000008008e8a       0x26 src/lib/mixer/libmixer.a(mixer_simple.cpp.obj)
                0x0000000008008e8a                SimpleMixer::groups_required(unsigned int&)
 .text._ZN11SimpleMixerD2Ev
                0x0000000008008eb0       0x18 src/lib/mixer/libmixer.a(mixer_simple.cpp.obj)
                0x0000000008008eb0                SimpleMixer::~SimpleMixer()
                0x0000000008008eb0                SimpleMixer::~SimpleMixer()
 .text._ZN11SimpleMixerD0Ev
                0x0000000008008ec8       0x12 src/lib/mixer/libmixer.a(mixer_simple.cpp.obj)
                0x0000000008008ec8                SimpleMixer::~SimpleMixer()
 .text._ZN11SimpleMixer3mixEPfj
                0x0000000008008eda       0x6c src/lib/mixer/libmixer.a(mixer_simple.cpp.obj)
                0x0000000008008eda                SimpleMixer::mix(float*, unsigned int)
 *fill*         0x0000000008008f46        0x2 
 .text._ZN11SimpleMixer19parse_output_scalerEPKcRjR14mixer_scaler_s
                0x0000000008008f48       0xa4 src/lib/mixer/libmixer.a(mixer_simple.cpp.obj)
                0x0000000008008f48                SimpleMixer::parse_output_scaler(char const*, unsigned int&, mixer_scaler_s&)
 .text._ZN11SimpleMixer20parse_control_scalerEPKcRjR14mixer_scaler_sRhS5_
                0x0000000008008fec       0xac src/lib/mixer/libmixer.a(mixer_simple.cpp.obj)
                0x0000000008008fec                SimpleMixer::parse_control_scaler(char const*, unsigned int&, mixer_scaler_s&, unsigned char&, unsigned char&)
 .text._ZN11SimpleMixer9from_textEPFijhhRfEjPKcRj
                0x0000000008009098       0xc0 src/lib/mixer/libmixer.a(mixer_simple.cpp.obj)
                0x0000000008009098                SimpleMixer::from_text(int (*)(unsigned int, unsigned char, unsigned char, float&), unsigned int, char const*, unsigned int&)
 .text._ZN9NullMixerD2Ev
                0x0000000008009158        0x2 src/lib/mixer/libmixer.a(mixer.cpp.obj)
                0x0000000008009158                NullMixer::~NullMixer()
                0x0000000008009158                NullMixer::~NullMixer()
 .text._ZN9NullMixer10set_offsetEf
                0x000000000800915a        0x2 src/lib/mixer/libmixer.a(mixer.cpp.obj)
                0x000000000800915a                NullMixer::set_offset(float)
 .text._ZN9NullMixer8set_trimEf
                0x000000000800915c        0x4 src/lib/mixer/libmixer.a(mixer.cpp.obj)
                0x000000000800915c                NullMixer::set_trim(float)
 .text._ZN9NullMixer8get_trimEPf
                0x0000000008009160        0x4 src/lib/mixer/libmixer.a(mixer.cpp.obj)
                0x0000000008009160                NullMixer::get_trim(float*)
 .text._ZN9NullMixer3mixEPfj
                0x0000000008009164        0xc src/lib/mixer/libmixer.a(mixer.cpp.obj)
                0x0000000008009164                NullMixer::mix(float*, unsigned int)
 .text._ZN9NullMixer21get_saturation_statusEv
                0x0000000008009170        0x4 src/lib/mixer/libmixer.a(mixer.cpp.obj)
                0x0000000008009170                NullMixer::get_saturation_status()
 .text._ZN9NullMixer15groups_requiredERj
                0x0000000008009174        0x2 src/lib/mixer/libmixer.a(mixer.cpp.obj)
                0x0000000008009174                NullMixer::groups_required(unsigned int&)
 .text._ZN9NullMixerD0Ev
                0x0000000008009176        0xc src/lib/mixer/libmixer.a(mixer.cpp.obj)
                0x0000000008009176                NullMixer::~NullMixer()
 *fill*         0x0000000008009182        0x2 
 .text._ZN5MixerC2EPFijhhRfEj
                0x0000000008009184       0x14 src/lib/mixer/libmixer.a(mixer.cpp.obj)
                0x0000000008009184                Mixer::Mixer(int (*)(unsigned int, unsigned char, unsigned char, float&), unsigned int)
                0x0000000008009184                Mixer::Mixer(int (*)(unsigned int, unsigned char, unsigned char, float&), unsigned int)
 .text._ZN5Mixer11get_controlEhh
                0x0000000008009198       0x10 src/lib/mixer/libmixer.a(mixer.cpp.obj)
                0x0000000008009198                Mixer::get_control(unsigned char, unsigned char)
 .text._ZN5Mixer5scaleERK14mixer_scaler_sf
                0x00000000080091a8       0x44 src/lib/mixer/libmixer.a(mixer.cpp.obj)
                0x00000000080091a8                Mixer::scale(mixer_scaler_s const&, float)
 .text._ZN5Mixer7findtagEPKcRjc
                0x00000000080091ec       0x24 src/lib/mixer/libmixer.a(mixer.cpp.obj)
                0x00000000080091ec                Mixer::findtag(char const*, unsigned int&, char)
 .text._ZN5Mixer8skiplineEPKcRj
                0x0000000008009210       0x2a src/lib/mixer/libmixer.a(mixer.cpp.obj)
                0x0000000008009210                Mixer::skipline(char const*, unsigned int&)
 .text._ZN5Mixer18string_well_formedEPKcRj
                0x000000000800923a       0x1e src/lib/mixer/libmixer.a(mixer.cpp.obj)
                0x000000000800923a                Mixer::string_well_formed(char const*, unsigned int&)
 .text._ZN9NullMixer9from_textEPKcRj
                0x0000000008009258       0x44 src/lib/mixer/libmixer.a(mixer.cpp.obj)
                0x0000000008009258                NullMixer::from_text(char const*, unsigned int&)
 .text.st24_common_crc8
                0x000000000800929c       0x38 src/lib/rc/librc.a(st24.cpp.obj)
                0x000000000800929c                st24_common_crc8
 .text.st24_decode
                0x00000000080092d4      0x218 src/lib/rc/librc.a(st24.cpp.obj)
                0x00000000080092d4                st24_decode
 .text.sumd_crc16
                0x00000000080094ec       0x1e src/lib/rc/librc.a(sumd.cpp.obj)
                0x00000000080094ec                sumd_crc16
 *fill*         0x000000000800950a        0x2 
 .text.sumd_decode
                0x000000000800950c      0x3a4 src/lib/rc/librc.a(sumd.cpp.obj)
                0x000000000800950c                sumd_decode
 .text.sbus_config
                0x00000000080098b0       0x64 src/lib/rc/librc.a(sbus.cpp.obj)
                0x00000000080098b0                sbus_config
 .text.sbus_init
                0x0000000008009914       0x1e src/lib/rc/librc.a(sbus.cpp.obj)
                0x0000000008009914                sbus_init
 *fill*         0x0000000008009932        0x2 
 .text.sbus1_output
                0x0000000008009934      0x100 src/lib/rc/librc.a(sbus.cpp.obj)
                0x0000000008009934                sbus1_output
 .text.sbus2_output
                0x0000000008009a34        0x4 src/lib/rc/librc.a(sbus.cpp.obj)
                0x0000000008009a34                sbus2_output
 .text.sbus_parse
                0x0000000008009a38      0x258 src/lib/rc/librc.a(sbus.cpp.obj)
                0x0000000008009a38                sbus_parse
 .text.sbus_input
                0x0000000008009c90       0x54 src/lib/rc/librc.a(sbus.cpp.obj)
                0x0000000008009c90                sbus_input
 .text.sbus1_set_output_rate_hz
                0x0000000008009ce4       0x24 src/lib/rc/librc.a(sbus.cpp.obj)
                0x0000000008009ce4                sbus1_set_output_rate_hz
 .text._ZL16dsm_guess_formatb.constprop.3
                0x0000000008009d08       0x24 src/lib/rc/librc.a(dsm.cpp.obj)
 .text.dsm_config
                0x0000000008009d2c       0x64 src/lib/rc/librc.a(dsm.cpp.obj)
                0x0000000008009d2c                dsm_config
 .text.dsm_proto_init
                0x0000000008009d90       0x38 src/lib/rc/librc.a(dsm.cpp.obj)
                0x0000000008009d90                dsm_proto_init
 .text.dsm_init
                0x0000000008009dc8       0x2c src/lib/rc/librc.a(dsm.cpp.obj)
                0x0000000008009dc8                dsm_init
 .text.dsm_bind
                0x0000000008009df4       0x7c src/lib/rc/librc.a(dsm.cpp.obj)
                0x0000000008009df4                dsm_bind
 .text.dsm_parse
                0x0000000008009e70      0x2bc src/lib/rc/librc.a(dsm.cpp.obj)
                0x0000000008009e70                dsm_parse
 .text.dsm_input
                0x000000000800a12c       0x5c src/lib/rc/librc.a(dsm.cpp.obj)
                0x000000000800a12c                dsm_input
 .text.__cxa_pure_virtual
                0x000000000800a188       0x10 NuttX/nuttx/libxx/libcxx.a(libxx_cxapurevirtual.o)
                0x000000000800a188                __cxa_pure_virtual
 .text.__aeabi_atexit
                0x000000000800a198        0xa NuttX/nuttx/libxx/libcxx.a(libxx_eabi_atexit.o)
                0x000000000800a198                __aeabi_atexit
 .text.__cxa_atexit
                0x000000000800a1a2        0x4 NuttX/nuttx/libxx/libcxx.a(libxx_cxa_atexit.o)
                0x000000000800a1a2                __cxa_atexit
 .text._ZdlPv   0x000000000800a1a6        0x4 NuttX/nuttx/libxx/libcxx.a(libxx_delete.o)
                0x000000000800a1a6                operator delete(void*)
 .text._ZdaPv   0x000000000800a1aa        0x4 NuttX/nuttx/libxx/libcxx.a(libxx_deletea.o)
                0x000000000800a1aa                operator delete[](void*)
 .text._Znwj    0x000000000800a1ae        0xa NuttX/nuttx/libxx/libcxx.a(libxx_new.o)
                0x000000000800a1ae                operator new(unsigned int)
 .text._Znaj    0x000000000800a1b8        0xa NuttX/nuttx/libxx/libcxx.a(libxx_newa.o)
                0x000000000800a1b8                operator new[](unsigned int)
 *fill*         0x000000000800a1c2        0x2 
 .text.crc32part
                0x000000000800a1c4       0x24 NuttX/nuttx/libc/libc.a(lib_crc32.o)
                0x000000000800a1c4                crc32part
 .text.sq_rem   0x000000000800a1e8       0x2c NuttX/nuttx/libc/libc.a(sq_rem.o)
                0x000000000800a1e8                sq_rem
 .text.printf   0x000000000800a214       0x1c NuttX/nuttx/libc/libc.a(lib_printf.o)
                0x000000000800a214                printf
 .text.vsnprintf
                0x000000000800a230       0x2a NuttX/nuttx/libc/libc.a(lib_vsnprintf.o)
                0x000000000800a230                vsnprintf
 .text.memoutstream_putc
                0x000000000800a25a       0x1a NuttX/nuttx/libc/libc.a(lib_memoutstream.o)
 .text.lib_memoutstream
                0x000000000800a274       0x20 NuttX/nuttx/libc/libc.a(lib_memoutstream.o)
                0x000000000800a274                lib_memoutstream
 .text.isspace  0x000000000800a294       0x14 NuttX/nuttx/libc/libc.a(lib_sscanf.o)
 .text.vsscanf  0x000000000800a2a8      0x304 NuttX/nuttx/libc/libc.a(lib_sscanf.o)
                0x000000000800a2a8                vsscanf
 .text.sscanf   0x000000000800a5ac       0x1a NuttX/nuttx/libc/libc.a(lib_sscanf.o)
                0x000000000800a5ac                sscanf
 .text.strtol   0x000000000800a5c6       0x64 NuttX/nuttx/libc/libc.a(lib_strtol.o)
                0x000000000800a5c6                strtol
 .text.strtoul  0x000000000800a62a       0x6a NuttX/nuttx/libc/libc.a(lib_strtoul.o)
                0x000000000800a62a                strtoul
 .text.lib_checkbase
                0x000000000800a694       0x5c NuttX/nuttx/libc/libc.a(lib_checkbase.o)
                0x000000000800a694                lib_checkbase
 .text.lib_isbasedigit
                0x000000000800a6f0       0x4e NuttX/nuttx/libc/libc.a(lib_isbasedigit.o)
                0x000000000800a6f0                lib_isbasedigit
 .text.memchr   0x000000000800a73e       0x1c NuttX/nuttx/libc/libc.a(lib_memchr.o)
                0x000000000800a73e                memchr
 .text.memmove  0x000000000800a75a       0x2e NuttX/nuttx/libc/libc.a(lib_memmove.o)
                0x000000000800a75a                memmove
 .text.lib_skipspace
                0x000000000800a788       0x16 NuttX/nuttx/libc/libc.a(lib_skipspace.o)
                0x000000000800a788                lib_skipspace
 .text.strcmp   0x000000000800a79e       0x16 NuttX/nuttx/libc/libc.a(lib_strcmp.o)
                0x000000000800a79e                strcmp
 .text.strcspn  0x000000000800a7b4       0x1e NuttX/nuttx/libc/libc.a(lib_strcspn.o)
                0x000000000800a7b4                strcspn
 .text.tcgetattr
                0x000000000800a7d2        0xa NuttX/nuttx/libc/libc.a(lib_tcgetattr.o)
                0x000000000800a7d2                tcgetattr
 .text.tcsetattr
                0x000000000800a7dc       0x10 NuttX/nuttx/libc/libc.a(lib_tcsetattr.o)
                0x000000000800a7dc                tcsetattr
 .text.file_ioctl
                0x000000000800a7ec       0x2a NuttX/nuttx/fs/libfs.a(fs_ioctl.o)
                0x000000000800a7ec                file_ioctl
 .text.ioctl    0x000000000800a816       0x2c NuttX/nuttx/fs/libfs.a(fs_ioctl.o)
                0x000000000800a816                ioctl
 .text.file_read
                0x000000000800a842       0x36 NuttX/nuttx/fs/libfs.a(fs_read.o)
                0x000000000800a842                file_read
 .text.read     0x000000000800a878       0x2c NuttX/nuttx/fs/libfs.a(fs_read.o)
                0x000000000800a878                read
 .text.mallinfo
                0x000000000800a8a4       0x24 NuttX/nuttx/mm/libmm.a(umm_mallinfo.o)
                0x000000000800a8a4                mallinfo
 .text.mm_mallinfo
                0x000000000800a8c8       0x56 NuttX/nuttx/mm/libmm.a(mm_mallinfo.o)
                0x000000000800a8c8                mm_mallinfo
 *fill*         0x000000000800a91e        0x2 
 .text.cosf     0x000000000800a920       0x78 /home/zhouhua/gcc-arm-none-eabi-7-2017-q4-major/bin/../lib/gcc/arm-none-eabi/7.2.1/../../../../arm-none-eabi/lib/thumb/v7-m/libm.a(lib_a-sf_cos.o)
                0x000000000800a920                cosf
 .text.floorf   0x000000000800a998       0x88 /home/zhouhua/gcc-arm-none-eabi-7-2017-q4-major/bin/../lib/gcc/arm-none-eabi/7.2.1/../../../../arm-none-eabi/lib/thumb/v7-m/libm.a(lib_a-sf_floor.o)
                0x000000000800a998                floorf
 .text.fmaxf    0x000000000800aa20       0x28 /home/zhouhua/gcc-arm-none-eabi-7-2017-q4-major/bin/../lib/gcc/arm-none-eabi/7.2.1/../../../../arm-none-eabi/lib/thumb/v7-m/libm.a(lib_a-sf_fmax.o)
                0x000000000800aa20                fmaxf
 .text.fminf    0x000000000800aa48       0x28 /home/zhouhua/gcc-arm-none-eabi-7-2017-q4-major/bin/../lib/gcc/arm-none-eabi/7.2.1/../../../../arm-none-eabi/lib/thumb/v7-m/libm.a(lib_a-sf_fmin.o)
                0x000000000800aa48                fminf
 .text.__fpclassifyf
                0x000000000800aa70       0x34 /home/zhouhua/gcc-arm-none-eabi-7-2017-q4-major/bin/../lib/gcc/arm-none-eabi/7.2.1/../../../../arm-none-eabi/lib/thumb/v7-m/libm.a(lib_a-sf_fpclassify.o)
                0x000000000800aa70                __fpclassifyf
 .text.sinf     0x000000000800aaa4       0x7c /home/zhouhua/gcc-arm-none-eabi-7-2017-q4-major/bin/../lib/gcc/arm-none-eabi/7.2.1/../../../../arm-none-eabi/lib/thumb/v7-m/libm.a(lib_a-sf_sin.o)
                0x000000000800aaa4                sinf
 .text.sqrtf    0x000000000800ab20       0xa0 /home/zhouhua/gcc-arm-none-eabi-7-2017-q4-major/bin/../lib/gcc/arm-none-eabi/7.2.1/../../../../arm-none-eabi/lib/thumb/v7-m/libm.a(lib_a-wf_sqrt.o)
                0x000000000800ab20                sqrtf
 .text.__ieee754_rem_pio2f
                0x000000000800abc0      0x2e4 /home/zhouhua/gcc-arm-none-eabi-7-2017-q4-major/bin/../lib/gcc/arm-none-eabi/7.2.1/../../../../arm-none-eabi/lib/thumb/v7-m/libm.a(lib_a-ef_rem_pio2.o)
                0x000000000800abc0                __ieee754_rem_pio2f
 .text.__ieee754_sqrtf
                0x000000000800aea4       0xa8 /home/zhouhua/gcc-arm-none-eabi-7-2017-q4-major/bin/../lib/gcc/arm-none-eabi/7.2.1/../../../../arm-none-eabi/lib/thumb/v7-m/libm.a(lib_a-ef_sqrt.o)
                0x000000000800aea4                __ieee754_sqrtf
 .text.__kernel_cosf
                0x000000000800af4c      0x188 /home/zhouhua/gcc-arm-none-eabi-7-2017-q4-major/bin/../lib/gcc/arm-none-eabi/7.2.1/../../../../arm-none-eabi/lib/thumb/v7-m/libm.a(lib_a-kf_cos.o)
                0x000000000800af4c                __kernel_cosf
 .text.__kernel_rem_pio2f
                0x000000000800b0d4      0x6c4 /home/zhouhua/gcc-arm-none-eabi-7-2017-q4-major/bin/../lib/gcc/arm-none-eabi/7.2.1/../../../../arm-none-eabi/lib/thumb/v7-m/libm.a(lib_a-kf_rem_pio2.o)
                0x000000000800b0d4                __kernel_rem_pio2f
 .text.__kernel_sinf
                0x000000000800b798       0xec /home/zhouhua/gcc-arm-none-eabi-7-2017-q4-major/bin/../lib/gcc/arm-none-eabi/7.2.1/../../../../arm-none-eabi/lib/thumb/v7-m/libm.a(lib_a-kf_sin.o)
                0x000000000800b798                __kernel_sinf
 .text.matherr  0x000000000800b884        0x4 /home/zhouhua/gcc-arm-none-eabi-7-2017-q4-major/bin/../lib/gcc/arm-none-eabi/7.2.1/../../../../arm-none-eabi/lib/thumb/v7-m/libm.a(lib_a-s_matherr.o)
                0x000000000800b884                matherr
 .text.fabsf    0x000000000800b888        0x8 /home/zhouhua/gcc-arm-none-eabi-7-2017-q4-major/bin/../lib/gcc/arm-none-eabi/7.2.1/../../../../arm-none-eabi/lib/thumb/v7-m/libm.a(lib_a-sf_fabs.o)
                0x000000000800b888                fabsf
 .text.scalbnf  0x000000000800b890       0xb0 /home/zhouhua/gcc-arm-none-eabi-7-2017-q4-major/bin/../lib/gcc/arm-none-eabi/7.2.1/../../../../arm-none-eabi/lib/thumb/v7-m/libm.a(lib_a-sf_scalbn.o)
                0x000000000800b890                scalbnf
 .text.copysignf
                0x000000000800b940        0xc /home/zhouhua/gcc-arm-none-eabi-7-2017-q4-major/bin/../lib/gcc/arm-none-eabi/7.2.1/../../../../arm-none-eabi/lib/thumb/v7-m/libm.a(lib_a-sf_copysign.o)
                0x000000000800b940                copysignf
 .text          0x000000000800b94c      0x378 /home/zhouhua/gcc-arm-none-eabi-7-2017-q4-major/bin/../lib/gcc/arm-none-eabi/7.2.1/thumb/v7-m/libgcc.a(_arm_addsubdf3.o)
                0x000000000800b94c                __aeabi_drsub
                0x000000000800b954                __aeabi_dsub
                0x000000000800b954                __subdf3
                0x000000000800b958                __adddf3
                0x000000000800b958                __aeabi_dadd
                0x000000000800bbd0                __aeabi_ui2d
                0x000000000800bbd0                __floatunsidf
                0x000000000800bbf0                __floatsidf
                0x000000000800bbf0                __aeabi_i2d
                0x000000000800bc14                __extendsfdf2
                0x000000000800bc14                __aeabi_f2d
                0x000000000800bc58                __aeabi_ul2d
                0x000000000800bc58                __floatundidf
                0x000000000800bc68                __floatdidf
                0x000000000800bc68                __aeabi_l2d
 .text          0x000000000800bcc4      0x424 /home/zhouhua/gcc-arm-none-eabi-7-2017-q4-major/bin/../lib/gcc/arm-none-eabi/7.2.1/thumb/v7-m/libgcc.a(_arm_muldivdf3.o)
                0x000000000800bcc4                __aeabi_dmul
                0x000000000800bcc4                __muldf3
                0x000000000800bf18                __aeabi_ddiv
                0x000000000800bf18                __divdf3
 .text          0x000000000800c0e8       0xa0 /home/zhouhua/gcc-arm-none-eabi-7-2017-q4-major/bin/../lib/gcc/arm-none-eabi/7.2.1/thumb/v7-m/libgcc.a(_arm_truncdfsf2.o)
                0x000000000800c0e8                __aeabi_d2f
                0x000000000800c0e8                __truncdfsf2
 .text          0x000000000800c188      0x21c /home/zhouhua/gcc-arm-none-eabi-7-2017-q4-major/bin/../lib/gcc/arm-none-eabi/7.2.1/thumb/v7-m/libgcc.a(_arm_addsubsf3.o)
                0x000000000800c188                __aeabi_frsub
                0x000000000800c190                __subsf3
                0x000000000800c190                __aeabi_fsub
                0x000000000800c194                __aeabi_fadd
                0x000000000800c194                __addsf3
                0x000000000800c2f4                __aeabi_ui2f
                0x000000000800c2f4                __floatunsisf
                0x000000000800c2fc                __aeabi_i2f
                0x000000000800c2fc                __floatsisf
                0x000000000800c318                __floatundisf
                0x000000000800c318                __aeabi_ul2f
                0x000000000800c328                __floatdisf
                0x000000000800c328                __aeabi_l2f
 .text          0x000000000800c3a4      0x2a0 /home/zhouhua/gcc-arm-none-eabi-7-2017-q4-major/bin/../lib/gcc/arm-none-eabi/7.2.1/thumb/v7-m/libgcc.a(_arm_muldivsf3.o)
                0x000000000800c3a4                __mulsf3
                0x000000000800c3a4                __aeabi_fmul
                0x000000000800c50c                __divsf3
                0x000000000800c50c                __aeabi_fdiv
 .text          0x000000000800c644       0xec /home/zhouhua/gcc-arm-none-eabi-7-2017-q4-major/bin/../lib/gcc/arm-none-eabi/7.2.1/thumb/v7-m/libgcc.a(_arm_cmpsf2.o)
                0x000000000800c644                __gtsf2
                0x000000000800c644                __gesf2
                0x000000000800c64c                __lesf2
                0x000000000800c64c                __ltsf2
                0x000000000800c654                __nesf2
                0x000000000800c654                __eqsf2
                0x000000000800c654                __cmpsf2
                0x000000000800c6b4                __aeabi_cfrcmple
                0x000000000800c6bc                __aeabi_cfcmple
                0x000000000800c6bc                __aeabi_cfcmpeq
                0x000000000800c6cc                __aeabi_fcmpeq
                0x000000000800c6e0                __aeabi_fcmplt
                0x000000000800c6f4                __aeabi_fcmple
                0x000000000800c708                __aeabi_fcmpge
                0x000000000800c71c                __aeabi_fcmpgt
 .text          0x000000000800c730       0x2c /home/zhouhua/gcc-arm-none-eabi-7-2017-q4-major/bin/../lib/gcc/arm-none-eabi/7.2.1/thumb/v7-m/libgcc.a(_arm_unordsf2.o)
                0x000000000800c730                __aeabi_fcmpun
                0x000000000800c730                __unordsf2
 .text          0x000000000800c75c       0x4c /home/zhouhua/gcc-arm-none-eabi-7-2017-q4-major/bin/../lib/gcc/arm-none-eabi/7.2.1/thumb/v7-m/libgcc.a(_arm_fixsfsi.o)
                0x000000000800c75c                __fixsfsi
                0x000000000800c75c                __aeabi_f2iz
 .text          0x000000000800c7a8       0x40 /home/zhouhua/gcc-arm-none-eabi-7-2017-q4-major/bin/../lib/gcc/arm-none-eabi/7.2.1/thumb/v7-m/libgcc.a(_arm_fixunssfsi.o)
                0x000000000800c7a8                __aeabi_f2uiz
                0x000000000800c7a8                __fixunssfsi
 .text          0x000000000800c7e8       0x30 /home/zhouhua/gcc-arm-none-eabi-7-2017-q4-major/bin/../lib/gcc/arm-none-eabi/7.2.1/thumb/v7-m/libgcc.a(_aeabi_uldivmod.o)
                0x000000000800c7e8                __aeabi_uldivmod
 .text          0x000000000800c818      0x2d0 /home/zhouhua/gcc-arm-none-eabi-7-2017-q4-major/bin/../lib/gcc/arm-none-eabi/7.2.1/thumb/v7-m/libgcc.a(_udivmoddi4.o)
                0x000000000800c818                __udivmoddi4
 .text          0x000000000800cae8        0x4 /home/zhouhua/gcc-arm-none-eabi-7-2017-q4-major/bin/../lib/gcc/arm-none-eabi/7.2.1/thumb/v7-m/libgcc.a(_dvmd_tls.o)
                0x000000000800cae8                __aeabi_ldiv0
                0x000000000800cae8                __aeabi_idiv0
 .text.perf_count
                0x000000000800caec       0xe8 src/lib/perf/libperf.a(perf_counter.c.obj)
                0x000000000800caec                perf_count
 .text.perf_begin
                0x000000000800cbd4       0x16 src/lib/perf/libperf.a(perf_counter.c.obj)
                0x000000000800cbd4                perf_begin
 *fill*         0x000000000800cbea        0x2 
 .text.perf_end
                0x000000000800cbec       0xc4 src/lib/perf/libperf.a(perf_counter.c.obj)
                0x000000000800cbec                perf_end
 *(.fixup)
 *(.gnu.warning)
 *(.rodata .rodata.*)
 .rodata.g_gpiobase
                0x000000000800ccb0       0x10 NuttX/nuttx/arch/arm/src/libarch.a(stm32_gpio.o)
                0x000000000800ccb0                g_gpiobase
 .rodata.g_uart_dma_ops
                0x000000000800ccc0       0x30 NuttX/nuttx/arch/arm/src/libarch.a(stm32_serial.o)
 .rodata.g_uart_ops
                0x000000000800ccf0       0x30 NuttX/nuttx/arch/arm/src/libarch.a(stm32_serial.o)
 .rodata.uart_devs
                0x000000000800cd20        0xc NuttX/nuttx/arch/arm/src/libarch.a(stm32_serial.o)
 .rodata.up_serialinit.str1.1
                0x000000000800cd2c       0x23 NuttX/nuttx/arch/arm/src/libarch.a(stm32_serial.o)
 .rodata.stm32_dmainterrupt.str1.1
                0x000000000800cd4f       0x17 NuttX/nuttx/arch/arm/src/libarch.a(stm32_dma.o)
 .rodata.__FUNCTION__.6579
                0x000000000800cd66        0xd NuttX/nuttx/arch/arm/src/libarch.a(up_assert.o)
 .rodata.__FUNCTION__.6587
                0x000000000800cd73        0xc NuttX/nuttx/arch/arm/src/libarch.a(up_assert.o)
 .rodata.__FUNCTION__.6594
                0x000000000800cd7f       0x10 NuttX/nuttx/arch/arm/src/libarch.a(up_assert.o)
 .rodata.__FUNCTION__.6602
                0x000000000800cd8f        0xd NuttX/nuttx/arch/arm/src/libarch.a(up_assert.o)
 .rodata.__FUNCTION__.6614
                0x000000000800cd9c        0xa NuttX/nuttx/arch/arm/src/libarch.a(up_assert.o)
 .rodata.up_assert.str1.1
                0x000000000800cda6      0x19e NuttX/nuttx/arch/arm/src/libarch.a(up_assert.o)
 .rodata.up_taskdump.str1.1
                0x000000000800cf44       0x26 NuttX/nuttx/arch/arm/src/libarch.a(up_assert.o)
 .rodata.__FUNCTION__.5415
                0x000000000800cf6a        0xd NuttX/nuttx/arch/arm/src/libarch.a(up_hardfault.o)
 .rodata.up_hardfault.str1.1
                0x000000000800cf77       0x36 NuttX/nuttx/arch/arm/src/libarch.a(up_hardfault.o)
 .rodata        0x000000000800cfad        0x4 NuttX/nuttx/arch/arm/src/libarch.a(stm32_vectors.o)
                0x000000000800cfad                g_idle_topstack
 *fill*         0x000000000800cfb1        0x3 
 .rodata.g_serialops
                0x000000000800cfb4       0x18 NuttX/nuttx/drivers/libdrivers.a(serial.o)
 .rodata.uart_takesem.str1.1
                0x000000000800cfcc       0x10 NuttX/nuttx/drivers/libdrivers.a(serial.o)
 .rodata.g_default_channel
                0x000000000800cfdc        0xc NuttX/nuttx/drivers/libdrivers.a(syslog_channel.o)
                0x000000000800cfdc                g_default_channel
 .rodata.inode_semtake.str1.1
                0x000000000800cfe8       0x11 NuttX/nuttx/fs/libfs.a(fs_inode.o)
 .rodata.mm_takesemaphore.str1.1
                0x000000000800cff9       0x11 NuttX/nuttx/mm/libmm.a(mm_sem.o)
 *fill*         0x000000000800d00a        0x2 
 .rodata.g_tasklisttable
                0x000000000800d00c       0x30 NuttX/nuttx/sched/libsched.a(os_start.o)
                0x000000000800d00c                g_tasklisttable
 .rodata.os_bringup.str1.1
                0x000000000800d03c       0x17 NuttX/nuttx/sched/libsched.a(os_bringup.o)
 .rodata.irq_attach.str1.1
                0x000000000800d053       0x11 NuttX/nuttx/sched/libsched.a(irq_attach.o)
 .rodata.irq_unexpected_isr.str1.1
                0x000000000800d064       0x18 NuttX/nuttx/sched/libsched.a(irq_unexpectedisr.o)
 .rodata.sem_wait.str1.1
                0x000000000800d07c       0x15 NuttX/nuttx/sched/libsched.a(sem_wait.o)
 .rodata.sem_post.str1.1
                0x000000000800d091       0x15 NuttX/nuttx/sched/libsched.a(sem_post.o)
 .rodata.g_noname
                0x000000000800d0a6        0x9 NuttX/nuttx/sched/libsched.a(task_setup.o)
 .rodata.group_setupidlefiles.str1.1
                0x000000000800d0af        0xd NuttX/nuttx/sched/libsched.a(group_setupidlefiles.o)
 .rodata.wd_cancel.str1.1
                0x000000000800d0af       0x11 NuttX/nuttx/sched/libsched.a(wd_cancel.o)
 .rodata.up_block_task.str1.1
                0x000000000800d0c0       0x17 NuttX/nuttx/arch/arm/src/libarch.a(up_blocktask.o)
 .rodata.up_unblock_task.str1.1
                0x000000000800d0d7       0x19 NuttX/nuttx/arch/arm/src/libarch.a(up_unblocktask.o)
 .rodata.g_nullstring
                0x000000000800d0f0        0x7 NuttX/nuttx/libc/libc.a(lib_libvsprintf.o)
 .rodata.lib_vsprintf.str1.1
                0x000000000800d0f7       0x1c NuttX/nuttx/libc/libc.a(lib_libvsprintf.o)
 *fill*         0x000000000800d113        0x1 
 .rodata.g_syslog_console_channel
                0x000000000800d114        0xc NuttX/nuttx/drivers/libdrivers.a(syslog_consolechannel.o)
 .rodata.syslog_console_channel.str1.1
                0x000000000800d120        0xd NuttX/nuttx/drivers/libdrivers.a(syslog_consolechannel.o)
 .rodata.g_syscrlf
                0x000000000800d120        0x2 NuttX/nuttx/drivers/libdrivers.a(syslog_device.o)
 .rodata._files_semtake.str1.1
                0x000000000800d122       0x11 NuttX/nuttx/fs/libfs.a(fs_files.o)
 .rodata.sched_addprioritized.str1.1
                0x000000000800d133       0x1d NuttX/nuttx/sched/libsched.a(sched_addprioritized.o)
 .rodata.sched_mergepending.str1.1
                0x000000000800d150       0x1b NuttX/nuttx/sched/libsched.a(sched_mergepending.o)
 .rodata.user_start.str1.1
                0x000000000800d16b       0x5f src/modules/px4iofirmware/libpx4iofirmware.a(px4io.c.obj)
                                         0x63 (size before relaxing)
 .rodata.r_page_config
                0x000000000800d1ca       0x12 src/modules/px4iofirmware/libpx4iofirmware.a(registers.c.obj)
 .rodata.registers_set.str1.1
                0x000000000800d1dc       0x33 src/modules/px4iofirmware/libpx4iofirmware.a(registers.c.obj)
 .rodata.crc8_tab
                0x000000000800d20f      0x100 src/modules/px4iofirmware/libpx4iofirmware.a(serial.c.obj)
 .rodata.controls_init.str1.1
                0x000000000800d30f        0xb src/modules/px4iofirmware/libpx4iofirmware.a(controls.c.obj)
                                         0x16 (size before relaxing)
 .rodata.mixer_handle_text.str1.1
                0x000000000800d31a       0x25 src/modules/px4iofirmware/libpx4iofirmware.a(mixer.cpp.obj)
 .rodata.mixer_handle_text_create_mixer.str1.1
                0x000000000800d33f        0x8 src/modules/px4iofirmware/libpx4iofirmware.a(mixer.cpp.obj)
 .rodata.mixer_tick.str1.1
                0x000000000800d347       0x2b src/modules/px4iofirmware/libpx4iofirmware.a(mixer.cpp.obj)
 .rodata.latency_buckets
                0x000000000800d372       0x10 src/drivers/stm32/libdrivers_arch.a(drv_hrt.c.obj)
                0x000000000800d372                latency_buckets
 *fill*         0x000000000800d382        0x2 
 .rodata.io_timers
                0x000000000800d384       0xa0 src/drivers/boards/px4io-v2/libdrivers_board.a(timer_config.c.obj)
                0x000000000800d384                io_timers
 .rodata.timer_io_channels
                0x000000000800d424       0x80 src/drivers/boards/px4io-v2/libdrivers_board.a(timer_config.c.obj)
                0x000000000800d424                timer_io_channels
 .rodata._ZTV10MixerGroup
                0x000000000800d4a4       0x30 src/lib/mixer/libmixer.a(mixer_group.cpp.obj)
                0x000000000800d4a4                vtable for MixerGroup
 .rodata._ZN15HelicopterMixer9from_textEPFijhhRfEjPKcRj.str1.1
                0x000000000800d4d4       0x41 src/lib/mixer/libmixer.a(mixer_helicopter.cpp.obj)
 *fill*         0x000000000800d515        0x3 
 .rodata._ZTV15HelicopterMixer
                0x000000000800d518       0x30 src/lib/mixer/libmixer.a(mixer_helicopter.cpp.obj)
                0x000000000800d518                vtable for HelicopterMixer
 .rodata._ZN12_GLOBAL__N_111_config_keyE
                0x000000000800d548       0x54 src/lib/mixer/libmixer.a(mixer_multirotor.cpp.obj)
 .rodata._ZN12_GLOBAL__N_113_config_indexE
                0x000000000800d59c       0x54 src/lib/mixer/libmixer.a(mixer_multirotor.cpp.obj)
 .rodata._ZN12_GLOBAL__N_1L13_config_hex_tE
                0x000000000800d5f0       0x60 src/lib/mixer/libmixer.a(mixer_multirotor.cpp.obj)
 .rodata._ZN12_GLOBAL__N_1L13_config_hex_xE
                0x000000000800d650       0x60 src/lib/mixer/libmixer.a(mixer_multirotor.cpp.obj)
 .rodata._ZN12_GLOBAL__N_1L13_config_tri_yE
                0x000000000800d6b0       0x30 src/lib/mixer/libmixer.a(mixer_multirotor.cpp.obj)
 .rodata._ZN12_GLOBAL__N_1L14_config_octa_xE
                0x000000000800d6e0       0x80 src/lib/mixer/libmixer.a(mixer_multirotor.cpp.obj)
 .rodata._ZN12_GLOBAL__N_1L14_config_quad_hE